PowerShell 7.4.1
PS C:\Users\steve> symfony new cityscape --version="7.0.*"
* Creating a new Symfony 7.0.* project with Composer
  (running C:\ProgramData\ComposerSetup\bin\composer.phar create-project symfony/skeleton C:\Users\steve\cityscape 7.0.* --no-interaction)

* Setting up the project under Git version control
  (running git init C:\Users\steve\cityscape)


 [OK] Your project is now ready in C:\Users\steve\cityscape


PS C:\Users\steve> symfony cityscape --webapp

  Command "cityscape" does not exist.

PS C:\Users\steve> symfony help
Symfony CLI version 5.8.11 (c) 2021-2024 Fabien Potencier
Symfony CLI helps developers manage projects, from local code to remote infrastructure

Usage:
  symfony.exe [global options] <command> [command options] [arguments...]

Global options:
  --help, -h                         Show help
  --no-ansi                          Disable ANSI output
  --ansi                             Force ANSI output
  --no-interaction                   Disable all interactions
  --quiet, -q                        Do not output any message
  -v|vv|vvv, --verbose, --log-level  Increase the verbosity of messages: 1 for normal output, 2 and 3 for more verbose outputs and 4 for debug
  -V                                 Print the version

Available commands:
 book
  book:check-requirements, book:check                                         Check that you have all the pre-requisites locally to code while reading the "Symfony: The Fast Track" book
  book:checkout                                                               Check out a step of the "Symfony: The Fast Track" book repository
 cloud
  cloud:clear-cache, cloud:cc                                                 Clear the CLI cache
  cloud:docs                                                                  Open the online documentation
  cloud:multi                                                                 Execute a command on multiple projects
  cloud:web                                                                   Open the project in the Web Console
 cloud:activity
  cloud:activity:cancel                                                       Cancel an activity
  cloud:activity:get                                                          View detailed information on a single activity
  cloud:activity:list, cloud:activities, cloud:act                            Get a list of activities for an environment or project
  cloud:activity:log                                                          Display the log for an activity
 cloud:app
  cloud:app:config-get                                                        View the configuration of an app
  cloud:app:config-validate                                                   Validate the config files of a project
  cloud:app:list, cloud:apps                                                  List apps in the project
 cloud:auth
  cloud:auth:api-token-login                                                  Log in to Platform.sh/Upsun using an API token
  cloud:auth:browser-login, cloud:login                                       Log in to Platform.sh/Upsun via a browser
  cloud:auth:info                                                             Display your account information
  cloud:auth:logout, cloud:logout                                             Log out of Platform.sh/Upsun
  cloud:auth:verify-phone-number                                              Verify your phone number interactively
 cloud:backup
  cloud:backup:create, cloud:backup                                           Make a backup of an environment
  cloud:backup:delete                                                         Delete an environment backup
  cloud:backup:get                                                            View an environment backup
  cloud:backup:list, cloud:backups                                            List available backups of an environment
  cloud:backup:restore                                                        Restore an environment backup
 cloud:certificate
  cloud:certificate:add                                                       Add an SSL certificate to the project
  cloud:certificate:delete                                                    Delete a certificate from the project
  cloud:certificate:get                                                       View a certificate
  cloud:certificate:list, cloud:certificates, cloud:certs                     List project certificates
 cloud:commit
  cloud:commit:get                                                            Show commit details
  cloud:commit:list, cloud:commits                                            List commits
 cloud:db
  cloud:db:dump                                                               Create a local dump of the remote database  cloud:db:sql, cloud:sql                                                     Run SQL on the remote database
 cloud:domain
  cloud:domain:add                                                            Add a new domain to the project
  cloud:domain:delete                                                         Delete a domain from the project
  cloud:domain:get                                                            Show detailed information for a domain
  cloud:domain:list, cloud:domains                                            Get a list of all domains
  cloud:domain:update                                                         Update a domain
 cloud:environment
  cloud:environment:activate                                                  Activate an environment
  cloud:environment:branch, cloud:branch                                      Branch an environment
  cloud:environment:checkout, cloud:checkout                                  Check out an environment
  cloud:environment:debug, environment:debug                                  Debug an environment by switching Symfony to the debug mode temporarily
  cloud:environment:delete                                                    Delete one or more environments
  cloud:environment:http-access, cloud:httpaccess                             Update HTTP access settings for an environment
  cloud:environment:info                                                      Read or set properties for an environment
  cloud:environment:init                                                      Initialize an environment from a public Git repository
  cloud:environment:list, cloud:environments, cloud:env                       Get a list of environments
  cloud:environment:logs, cloud:log                                           Read an environment's logs
  cloud:environment:merge, cloud:merge                                        Merge an environment
  cloud:environment:pause                                                     Pause an environment
  cloud:environment:push, cloud:push, deploy, cloud:deploy                    Push code to an environment
  cloud:environment:redeploy, cloud:redeploy                                  Redeploy an environment
  cloud:environment:relationships, cloud:relationships, cloud:rel             Show an environment's relationships
  cloud:environment:resume                                                    Resume a paused environment
  cloud:environment:scp, cloud:scp                                            Copy files to and from an environment using scp
  cloud:environment:ssh, cloud:ssh                                            SSH to the current environment
  cloud:environment:synchronize, cloud:sync                                   Synchronize an environment's code and/or data from its parent
  cloud:environment:url, cloud:url                                            Get the public URLs of an environment
  cloud:environment:xdebug, cloud:xdebug                                      Open a tunnel to Xdebug on the environment cloud:integration
  cloud:integration:activity:get                                              View detailed information on a single integration activity
  cloud:integration:activity:list, cloud:int:act                              Get a list of activities for an integration
  cloud:integration:activity:log                                              Display the log for an integration activity
  cloud:integration:add                                                       Add an integration to the project
  cloud:integration:delete                                                    Delete an integration from a project
  cloud:integration:get                                                       View details of an integration
  cloud:integration:list, cloud:integrations                                  View a list of project integration(s)
  cloud:integration:update                                                    Update an integration
  cloud:integration:validate                                                  Validate an existing integration
 cloud:metrics
  cloud:metrics:all, cloud:metrics, cloud:met                                 Show CPU, disk and memory metrics for an environment
  cloud:metrics:cpu, cloud:cpu                                                Show CPU usage of an environment
  cloud:metrics:disk-usage, cloud:disk                                        Show disk usage of an environment
  cloud:metrics:memory, cloud:mem, cloud:memory                               Show memory usage of an environment
 cloud:mount
  cloud:mount:download                                                        Download files from a mount, using rsync
  cloud:mount:list, cloud:mounts                                              Get a list of mounts
  cloud:mount:upload                                                          Upload files to a mount, using rsync
 cloud:operation
  cloud:operation:list, cloud:ops                                             List runtime operations on an environment
  cloud:operation:run                                                         Run an operation on the environment
 cloud:organization
  cloud:organization:billing:address                                          View or change an organization's billing address
  cloud:organization:billing:profile                                          View or change an organization's billing profile
  cloud:organization:create                                                   Create a new organization
  cloud:organization:delete                                                   Delete an organization
  cloud:organization:info                                                     View or change organization details
  cloud:organization:list, cloud:orgs, cloud:organizations                    List organizations
  cloud:organization:subscription:list, cloud:org:subs                        List subscriptions within an organization
  cloud:organization:user:add                                                 Invite a user to an organization
  cloud:organization:user:delete                                              Remove a user from an organization
  cloud:organization:user:get                                                 View an organization user
  cloud:organization:user:list, cloud:org:users                               List organization users
  cloud:organization:user:projects, cloud:oups                                List the projects a user can access
  cloud:organization:user:update                                              Update an organization user
 cloud:project
  cloud:project:clear-build-cache                                             Clear a project's build cache
  cloud:project:create, cloud:create                                          Create a new project
  cloud:project:delete                                                        Delete a project
  cloud:project:get, cloud:get                                                Clone a project locally
  cloud:project:info                                                          Read or set properties for a project
  cloud:project:list, cloud:projects, cloud:pro                               Get a list of all active projects
  cloud:project:set-remote, cloud:set-remote                                  Set the remote project for the current Git repository
 cloud:repo
  cloud:repo:cat                                                              Read a file in the project repository
  cloud:repo:ls                                                               List files in the project repository
  cloud:repo:read, cloud:read                                                 Read a directory or file in the project repository
 cloud:route
  cloud:route:get                                                             View detailed information about a route
  cloud:route:list, cloud:routes                                              List all routes for an environment
 cloud:service
  cloud:service:list, cloud:services                                          List services in the project
  cloud:service:mongo:dump, cloud:mongodump                                   Create a binary archive dump of data from MongoDB
  cloud:service:mongo:export, cloud:mongoexport                               Export data from MongoDB
  cloud:service:mongo:restore, cloud:mongorestore                             Restore a binary archive dump of data into MongoDB
  cloud:service:mongo:shell, cloud:mongo                                      Use the MongoDB shell
  cloud:service:redis-cli, cloud:redis                                        Access the Redis CLI
 cloud:source-operation
  cloud:source-operation:list, cloud:source-ops                               List source operations on an environment
  cloud:source-operation:run                                                  Run a source operation
 cloud:ssh-cert
  cloud:ssh-cert:load                                                         Generate an SSH certificate
 cloud:ssh-key
  cloud:ssh-key:add                                                           Add a new SSH key
  cloud:ssh-key:delete                                                        Delete an SSH key
  cloud:ssh-key:list, cloud:ssh-keys                                          Get a list of SSH keys in your account
 cloud:subscription
  cloud:subscription:info                                                     Read or modify subscription properties
 cloud:team
  cloud:team:create                                                           Create a new team
  cloud:team:delete                                                           Delete a team
  cloud:team:get                                                              View a team
  cloud:team:list, cloud:teams                                                List teams
  cloud:team:project:add                                                      Add project(s) to a team
  cloud:team:project:delete                                                   Remove a project from a team
  cloud:team:project:list, cloud:team:projects, cloud:team:pro                List projects in a team
  cloud:team:update                                                           Update a team
  cloud:team:user:add                                                         Add a user to a team
  cloud:team:user:delete                                                      Remove a user from a team
  cloud:team:user:list, cloud:team:users                                      List users in a team
 cloud:tunnel
  cloud:tunnel:close                                                          Close SSH tunnels
  cloud:tunnel:info                                                           View relationship info for SSH tunnels
  cloud:tunnel:list, cloud:tunnels                                            List SSH tunnels
  cloud:tunnel:open                                                           Open SSH tunnels to an app's relationships  cloud:tunnel:single                                                         Open a single SSH tunnel to an app relationship
 cloud:user
  cloud:user:add                                                              Add a user to the project
  cloud:user:delete                                                           Delete a user from the project
  cloud:user:get                                                              View a user's role(s)
  cloud:user:list, cloud:users                                                List project users
  cloud:user:update                                                           Update user role(s) on a project
 cloud:variable
  cloud:variable:create                                                       Create a variable
  cloud:variable:delete                                                       Delete a variable
  cloud:variable:get, cloud:vget                                              View a variable
  cloud:variable:list, cloud:variables, cloud:var                             List variables
  cloud:variable:update                                                       Update a variable
 cloud:worker
  cloud:worker:list, cloud:workers                                            Get a list of all deployed workers
 local
  local:check:requirements, check:requirements, check:req                     Checks requirements for running Symfony and gives useful recommendations to optimize PHP for Symfony.
  local:check:security, security:check, check:security, local:security:check  Check security issues in project dependencies
  local:new, new                                                              Create a new Symfony project
  local:php:list                                                              List locally available PHP versions
  local:php:refresh                                                           Auto-discover the list of available PHP version
  local:proxy:domain:attach, proxy:domain:attach                              Attach a local domain for the proxy
  local:proxy:domain:detach, proxy:domain:detach                              Detach domains from the proxy
  local:proxy:start, proxy:start                                              Start the local proxy server (local domains support)
  local:proxy:status, proxy:status                                            Get the local proxy server status
  local:proxy:stop, proxy:stop                                                Stop the local proxy server
  local:proxy:tld, proxy:tld, proxy:change:tld                                Display or change the TLD for the proxy
  local:proxy:url, proxy:url                                                  Get the local proxy server URL
  local:run, run                                                              Run a program with environment variables set depending on the current context
  local:server:ca:install, server:ca:install                                  Create a local Certificate Authority for serving HTTPS
  local:server:ca:uninstall, server:ca:uninstall                              Uninstall the local Certificate Authority
  local:server:list, server:list                                              List all configured local web servers
  local:server:log, server:log                                                Display local web server logs
  local:server:prod, server:prod                                              Switch a project to use Symfony's production environment
  local:server:start, server:start, serve                                     Run a local web server
  local:server:status, server:status                                          Get the local web server status
  local:server:stop, server:stop                                              Stop the local web server
  local:var:expose-from-tunnel, var:expose-from-tunnel                        Expose tunnel service environment variables locally
 open
  open:local                                                                  Open the local project in a browser
  open:local:rabbitmq                                                         Open the local project RabbitMQ web management interface in a browser
  open:local:service                                                          Open a local service web interface in a browser
  open:local:webmail                                                          Open the local project mail catcher web interface in a browser
 project
  project:init, init                                                          Initialize a new project using templates
 self
  self:help, help, list                                                       Display help for a command or a category of commands
  self:version, version                                                       Display the application version
 var
  var:export                                                                  Export environment variables depending on the current context

Available wrappers:
Runs PHP (version depends on project's configuration).
Environment variables to use Platform.sh/Upsun relationships or Docker services are automatically defined.

  composer                                                       Runs Composer without memory limit
  console                                                        Runs the Symfony Console (bin/console) for current project
  php, pecl, pear, php-fpm, php-cgi, php-config, phpdbg, phpize  Runs the named binary using the configured PHP version

PS C:\Users\steve> symfony new cityscape --version="7.0.*" --webapp

  Project directory cityscape is not empty

PS C:\Users\steve> symfony new cityscape --version="7.0.*" --webapp
* Creating a new Symfony 7.0.* project with Composer
  (running C:\ProgramData\ComposerSetup\bin\composer.phar create-project symfony/skeleton C:\Users\steve\cityscape 7.0.* --no-interaction)

* Setting up the project under Git version control
  (running git init C:\Users\steve\cityscape)

  (running C:\ProgramData\ComposerSetup\bin\composer.phar require webapp --no-interaction)


 [OK] Your project is now ready in C:\Users\steve\cityscape


PS C:\Users\steve> cd cityscape
PS C:\Users\steve\cityscape> symfony make:controller home

  Command "make:controller" does not exist.

PS C:\Users\steve\cityscape> symfony console make:controller home
 created: src/Controller/HomeController.php
 created: templates/home/index.html.twig


  Success!


 Next: Open your new controller class and add some pages!
PS C:\Users\steve\cityscape> symfony console make:controller

 Choose a name for your controller class (e.g. OrangePizzaController):
 > back_dashboard

 created: src/Controller/BackDashboardController.php
 created: templates/back_dashboard/index.html.twig


  Success!


 Next: Open your new controller class and add some pages!
PS C:\Users\steve\cityscape> symfony console make:controller

 Choose a name for your controller class (e.g. OrangeKangarooController):
 > Back\Dashboard

 created: src/Controller/Back/DashboardController.php
 created: templates/back/dashboard/index.html.twig


  Success!


 Next: Open your new controller class and add some pages!
PS C:\Users\steve\cityscape> symfony console make:controller Home


 [ERROR] The file "src/Controller/HomeController.php" can't be generated because it already exists.


PS C:\Users\steve\cityscape> symfony console make:controller Home
 created: src/Controller/HomeController.php
 created: templates/home/index.html.twig


  Success!


 Next: Open your new controller class and add some pages!
PS C:\Users\steve\cityscape> symfony console make:user

 The name of the security user class (e.g. User) [User]:
 >

 Do you want to store user data in the database (via Doctrine)? (yes/no) [yes]:
 >

 Enter a property name that will be the unique "display" name for the user (e.g. email, username, uuid) [email]:
 >

 Will this app need to hash/check user passwords? Choose No if passwords are not needed or will be checked/hashed by some other system (e.g. a single sign-on server).

 Does this app need to hash/check user passwords? (yes/no) [yes]:
 >

 created: src/Entity/User.php
 created: src/Repository/UserRepository.php
 updated: src/Entity/User.php
 updated: config/packages/security.yaml


  Success!


 Next Steps:
   - Review your new App\Entity\User class.
   - Use make:entity to add more fields to your User entity and then run make:migration.
   - Create a way to authenticate! See https://symfony.com/doc/current/security.html
PS C:\Users\steve\cityscape> symfony console doctrine:database:create
Could not create database `app` for connection named default
An exception occurred in the driver: SQLSTATE[HY000] [1045] Access denied for user 'app'@'localhost' (using password: YES)
PS C:\Users\steve\cityscape> symfony console doctrine:database:create
Created database `cityscape` for connection named default
PS C:\Users\steve\cityscape> symfony console make:auth

 What style of authentication do you want? [Empty authenticator]:
  [0] Empty authenticator
  [1] Login form authenticator
 > 1

 The class name of the authenticator to create (e.g. AppCustomAuthenticator):
 > UserAuthenticator

 Choose a name for the controller class (e.g. SecurityController) [SecurityController]:
 >

 Do you want to generate a '/logout' URL? (yes/no) [yes]:
 >

 Do you want to support remember me? (yes/no) [yes]:
 >

 How should remember me be activated? [Activate when the user checks a box]:
  [0] Activate when the user checks a box
  [1] Always activate remember me
 > 0

 created: src/Security/UserAuthenticator.php
 updated: config/packages/security.yaml
 created: src/Controller/SecurityController.php
 created: templates/security/login.html.twig


  Success!


 Next:
 - Customize your new authenticator.
 - Finish the redirect "TODO" in the App\Security\UserAuthenticator::onAuthenticationSuccess() method.
 - Review & adapt the login template: templates/security/login.html.twig.
PS C:\Users\steve\cityscape> symfony console make:registration-form
 Creating a registration form for App\Entity\User

 Do you want to add a #[UniqueEntity] validation attribute to your User class to make sure duplicate accounts aren't created? (yes/no) [yes]:
 >

 Do you want to send an email to verify the user's email address after registration? (yes/no) [yes]:
 >


 [WARNING] We're missing some important components. Don't forget to install these after you're finished.

           composer require symfonycasts/verify-email-bundle


 By default, users are required to be authenticated when they click the verification link that is emailed to them.
 This prevents the user from registering on their laptop, then clicking the link on their phone, without
 having to log in. To allow multi device email verification, we can embed a user id in the verification link.

 Would you like to include the user id in the verification link to allow anonymous email verification? (yes/no) [no]:
 >

 What email address will be used to send registration confirmations? (e.g. mailer@your-domain.com):
 > wontgoquietly@example.com

 What "name" should be associated with that email address? (e.g. Acme Mail Bot):
 > Example Inc.

 Do you want to automatically authenticate the user after registration? (yes/no) [yes]:
 >

 updated: src/Entity/User.php
 updated: src/Entity/User.php
 created: src/Security/EmailVerifier.php
 created: templates/registration/confirmation_email.html.twig
 created: src/Form/RegistrationFormType.php
 created: src/Controller/RegistrationController.php
 created: templates/registration/register.html.twig


  Success!


 Next:
 1) Install some missing packages:
      composer require symfonycasts/verify-email-bundle
 2) In RegistrationController::verifyUserEmail():
    * Customize the last redirectToRoute() after a successful email verification.
    * Make sure you're rendering success flash messages or change the $this->addFlash() line.
 3) Review and customize the form, controller, and templates as needed.
 4) Run "symfony.exe console make:migration" to generate a migration for the newly added User::isVerified property.

 Then open your browser, go to "/register" and enjoy your new form!

PS C:\Users\steve\cityscape> symfony console make:registration-form
 Creating a registration form for App\Entity\User

 Do you want to send an email to verify the user's email address after registration? (yes/no) [yes]:
 >


 [WARNING] We're missing some important components. Don't forget to install these after you're finished.

           composer require symfonycasts/verify-email-bundle


 By default, users are required to be authenticated when they click the verification link that is emailed to them.
 This prevents the user from registering on their laptop, then clicking the link on their phone, without
 having to log in. To allow multi device email verification, we can embed a user id in the verification link.

 Would you like to include the user id in the verification link to allow anonymous email verification? (yes/no) [no]:
 >

 What email address will be used to send registration confirmations? (e.g. mailer@your-domain.com):
 > wontgoquietly@example.com

 What "name" should be associated with that email address? (e.g. Acme Mail Bot):
 > Example Inc.

 Do you want to automatically authenticate the user after registration? (yes/no) [yes]:
 > no

 What route should the user be redirected to after registration?:
  [0 ] _preview_error
  [1 ] _wdt
  [2 ] _profiler_home
  [3 ] _profiler_search
  [4 ] _profiler_search_bar
  [5 ] _profiler_phpinfo
  [6 ] _profiler_xdebug
  [7 ] _profiler_font
  [8 ] _profiler_search_results
  [9 ] _profiler_open_file
  [10] _profiler
  [11] _profiler_router
  [12] _profiler_exception
  [13] _profiler_exception_css
  [14] app_back_dashboard
  [15] app_home
  [16] app_login
  [17] app_logout
 > 16

 Not generating User::isVerified(): method already exists
 Not generating User::setIsVerified(): method already exists
 no change: src/Entity/User.php
 created: src/Security/EmailVerifier.php
 created: templates/registration/confirmation_email.html.twig
 created: src/Form/RegistrationFormType.php
 created: src/Controller/RegistrationController.php
 created: templates/registration/register.html.twig


  Success!


 Next:
 1) Install some missing packages:
      composer require symfonycasts/verify-email-bundle
 2) In RegistrationController::verifyUserEmail():
    * Customize the last redirectToRoute() after a successful email verification.
    * Make sure you're rendering success flash messages or change the $this->addFlash() line.
 3) Review and customize the form, controller, and templates as needed.
 4) Run "symfony.exe console make:migration" to generate a migration for the newly added User::isVerified property.

 Then open your browser, go to "/register" and enjoy your new form!

PS C:\Users\steve\cityscape> composer require symfonycasts/verify-email-bundle
./composer.json has been updated
Running composer update symfonycasts/verify-email-bundle
Loading composer repositories with package information
Updating dependencies
Lock file operations: 1 install, 0 updates, 0 removals
  - Locking symfonycasts/verify-email-bundle (v1.16.2)
Writing lock file
Installing dependencies from lock file (including require-dev)
Package operations: 1 install, 0 updates, 0 removals
    Failed to download symfonycasts/verify-email-bundle from dist: The zip extension and unzip/7z commands are both missing, skipping.
The php.ini used by your command-line PHP is: C:\laragon\bin\php\php-8.3.2-Win32-vs16-x64\php.ini
    Now trying to download from source
  - Syncing symfonycasts/verify-email-bundle (v1.16.2) into cache
  - Installing symfonycasts/verify-email-bundle (v1.16.2): Cloning 572c94ffcf from cache
Generating autoload files
111 packages you are using are looking for funding.
Use the `composer fund` command to find out more!

Symfony operations: 1 recipe (4db145fe66485d85eece99d510cb128e)
  - Configuring symfonycasts/verify-email-bundle (>=v1.16.2): From auto-generated recipe
Executing script cache:clear [OK]
Executing script assets:install public [OK]
Executing script importmap:install [OK]

 What's next?


Some files have been created and/or updated to configure your new packages.
Please review, edit and commit them: these files are yours.

No security vulnerability advisories found.
Using version ^1.16 for symfonycasts/verify-email-bundle
PS C:\Users\steve\cityscape> composer require symfonycasts/reset-password-bundle
./composer.json has been updated
Running composer update symfonycasts/reset-password-bundle
Loading composer repositories with package information
Updating dependencies
Lock file operations: 1 install, 0 updates, 0 removals
  - Locking symfonycasts/reset-password-bundle (v1.20.3)
Writing lock file
Installing dependencies from lock file (including require-dev)
Package operations: 1 install, 0 updates, 0 removals
    Failed to download symfonycasts/reset-password-bundle from dist: The zip extension and unzip/7z commands are both missing, skipping.
The php.ini used by your command-line PHP is: C:\laragon\bin\php\php-8.3.2-Win32-vs16-x64\php.ini
    Now trying to download from source
  - Syncing symfonycasts/reset-password-bundle (v1.20.3) into cache
  - Installing symfonycasts/reset-password-bundle (v1.20.3): Cloning df64d82cca from cache
Generating autoload files
111 packages you are using are looking for funding.
Use the `composer fund` command to find out more!

Symfony operations: 1 recipe (a36c2d80838c3bcdfdce65ac6daa9105)
  - Configuring symfonycasts/reset-password-bundle (>=1.0): From github.com/symfony/recipes:main
Executing script cache:clear [OK]
Executing script assets:install public [OK]
Executing script importmap:install [OK]

 What's next?


Some files have been created and/or updated to configure your new packages.
Please review, edit and commit them: these files are yours.

No security vulnerability advisories found.
Using version ^1.20 for symfonycasts/reset-password-bundle
PS C:\Users\steve\cityscape> symfony console make:reset-password

Let's make a password reset feature!
====================================

 Implementing reset password for App\Entity\User

- ResetPasswordController -
---------------------------

 A named route is used for redirecting after a successful reset. Even a route that does not exist yet can be used here.

 What route should users be redirected to after their password has been successfully reset? [app_home]:
 > app_login

- Email -
---------

 These are used to generate the email code. Don't worry, you can change them in the code later!

 What email address will be used to send reset confirmations? e.g. mailer@your-domain.com:
 > wontgoquietly@example.com

 What "name" should be associated with that email address? e.g. "Acme Mail Bot":
 > Example Inc.

 created: src/Controller/ResetPasswordController.php
 created: src/Entity/ResetPasswordRequest.php
 updated: src/Entity/ResetPasswordRequest.php
 created: src/Repository/ResetPasswordRequestRepository.php
 updated: src/Repository/ResetPasswordRequestRepository.php
 updated: config/packages/reset_password.yaml
 created: src/Form/ResetPasswordRequestFormType.php
 created: src/Form/ChangePasswordFormType.php
 created: templates/reset_password/check_email.html.twig
 created: templates/reset_password/email.html.twig
 created: templates/reset_password/request.html.twig
 created: templates/reset_password/reset.html.twig


  Success!


 Next:
   1) Run "symfony.exe console make:migration" to generate a migration for the new "App\Entity\ResetPasswordRequest" entity.
   2) Review forms in "src/Form" to customize validation and labels.
   3) Review and customize the templates in `templates/reset_password`.
   4) Make sure your MAILER_DSN env var has the correct settings.
   5) Create a "forgot your password link" to the app_forgot_password_request route on your login form.

 Then open your browser, go to "/reset-password" and enjoy!

PS C:\Users\steve\cityscape> symfony console make:migration
 created: migrations/Version20240229102508.php


  Success!


 Review the new migration then run it with symfony.exe console doctrine:migrations:migrate
 See https://symfony.com/doc/current/bundles/DoctrineMigrationsBundle/index.html
PS C:\Users\steve\cityscape> symfony console d:s:u --force
 Updating database schema...

     4 queries were executed


 [OK] Database schema updated successfully!

PS C:\Users\steve\cityscape> symfony console d:s:u --force
 Updating database schema...

     4 queries were executed


 [OK] Database schema updated successfully!


PS C:\Users\steve\cityscape> symfony serve -d

 [WARNING] The local web server is optimized for local development and MUST never be used in a production setup.



 [OK] Web server listening
      The Web server is using PHP CGI 8.3.2
      https://127.0.0.1:8000


Stream the logs via symfony.exe server:log

PowerShell 7.4.1
PS C:\Users\steve> cd cityscape
PS C:\Users\steve\cityscape> symfony serve -d

 [WARNING] The local web server is optimized for local development and MUST never be used in a production setup.



 [OK] Web server listening
      The Web server is using PHP CGI 8.3.2
      https://127.0.0.1:8000


Stream the logs via symfony.exe server:log
PS C:\Users\steve\cityscape> symfony console make:controller Property
 created: src/Controller/PropertyController.php
 created: templates/property/index.html.twig


  Success!


 Next: Open your new controller class and add some pages!
PS C:\Users\steve\cityscape> symfony console make:controller PropertySidebar
 created: src/Controller/PropertySidebarController.php
 created: templates/property_sidebar/index.html.twig


  Success!


 Next: Open your new controller class and add some pages!
PS C:\Users\steve\cityscape> symfony console make:controller PropertyDetails
 created: src/Controller/PropertyDetailsController.php
 created: templates/property_details/index.html.twig


  Success!


 Next: Open your new controller class and add some pages!
PS C:\Users\steve\cityscape> symfony console make:controller AddNewListing
 created: src/Controller/AddNewListingController.php
 created: templates/add_new_listing/index.html.twig


  Success!


 Next: Open your new controller class and add some pages!
PS C:\Users\steve\cityscape> symfony console make:controller About
 created: src/Controller/AboutController.php
 created: templates/about/index.html.twig


  Success!


 Next: Open your new controller class and add some pages!
PS C:\Users\steve\cityscape> symfony console make:controller Cart
 created: src/Controller/CartController.php
 created: templates/cart/index.html.twig


  Success!


 Next: Open your new controller class and add some pages!
PS C:\Users\steve\cityscape> symfony console make:controller Checkout
 created: src/Controller/CheckoutController.php
 created: templates/checkout/index.html.twig


  Success!


 Next: Open your new controller class and add some pages!
PS C:\Users\steve\cityscape> symfony console make:controller FAQ
 created: src/Controller/FAQController.php
 created: templates/faq/index.html.twig


  Success!


 Next: Open your new controller class and add some pages!
PS C:\Users\steve\cityscape> symfony console make:controller Project
 created: src/Controller/ProjectController.php
 created: templates/project/index.html.twig


  Success!


 Next: Open your new controller class and add some pages!
PS C:\Users\steve\cityscape> symfony console make:controller ProjectDetails
 created: src/Controller/ProjectDetailsController.php
 created: templates/project_details/index.html.twig


  Success!


 Next: Open your new controller class and add some pages!
PS C:\Users\steve\cityscape> symfony console make:controller BlogClassic
 created: src/Controller/BlogClassicController.php
 created: templates/blog_classic/index.html.twig


  Success!


 Next: Open your new controller class and add some pages!
PS C:\Users\steve\cityscape> symfony console make:controller BlogDetails
 created: src/Controller/BlogDetailsController.php
 created: templates/blog_details/index.html.twig


  Success!


 Next: Open your new controller class and add some pages!
PS C:\Users\steve\cityscape> symfony console make:controller Contact
 created: src/Controller/ContactController.php
 created: templates/contact/index.html.twig


  Success!


 Next: Open your new controller class and add some pages!

PowerShell 7.4.1
PS C:\Users\steve> cd cityscape
PS C:\Users\steve\cityscape> symfony serve -d

 [WARNING] The local web server is optimized for local development and MUST never be used in a production setup.



 [OK] Web server listening
      The Web server is using PHP CGI 8.3.2
      https://127.0.0.1:8000


Stream the logs via symfony.exe server:log
PS C:\Users\steve\cityscape> symfony console make:entity property
 created: src/Entity/Property.php
 created: src/Repository/PropertyRepository.php

 Entity generated! Now let's add some fields!
 You can always add more fields later manually or by re-running this command.

 New property name (press <return> to stop adding fields):
 > prop_id

 Field type (enter ? to see all types) [integer]:
 > ?

Main Types
  * string or ascii_string
  * text
  * boolean
  * integer or smallint or bigint
  * float

Relationships/Associations
  * relation a wizard will help you build the relation
  * ManyToOne
  * OneToMany
  * ManyToMany
  * OneToOne

Array/Object Types
  * array or simple_array
  * json
  * object
  * binary
  * blob

Date/Time Types
  * datetime or datetime_immutable
  * datetimetz or datetimetz_immutable
  * date or date_immutable
  * time or time_immutable
  * dateinterval

Other Types
  * decimal
  * guid


 Field type (enter ? to see all types) [integer]:
 > integer

 Can this field be null in the database (nullable) (yes/no) [no]:
 >

 updated: src/Entity/Property.php

 Add another property? Enter the property name (or press <return> to stop adding fields):
 > prop_housing_type

 Field type (enter ? to see all types) [string]:
 >

 Field length [255]:
 >

 Can this field be null in the database (nullable) (yes/no) [no]:
 >

 updated: src/Entity/Property.php

 Add another property? Enter the property name (or press <return> to stop adding fields):
 > prop_nb_rooms

 Field type (enter ? to see all types) [string]:
 > integer

 Can this field be null in the database (nullable) (yes/no) [no]:
 >

 updated: src/Entity/Property.php

 Add another property? Enter the property name (or press <return> to stop adding fields):
 > prop_nb_square_meters

 Field type (enter ? to see all types) [string]:
 > integer

 Can this field be null in the database (nullable) (yes/no) [no]:
 >

 updated: src/Entity/Property.php

 Add another property? Enter the property name (or press <return> to stop adding fields):
 > prop_location

 Field type (enter ? to see all types) [string]:
 > string

 Field length [255]:
 >

 Can this field be null in the database (nullable) (yes/no) [no]:
 >

 updated: src/Entity/Property.php

 Add another property? Enter the property name (or press <return> to stop adding fields):
 > prop_price

 Field type (enter ? to see all types) [string]:
 > integer

 Can this field be null in the database (nullable) (yes/no) [no]:
 >

 updated: src/Entity/Property.php

 Add another property? Enter the property name (or press <return> to stop adding fields):
 > created_at

 Field type (enter ? to see all types) [datetime_immutable]:
 >

 Can this field be null in the database (nullable) (yes/no) [no]:
 >

 updated: src/Entity/Property.php

 Add another property? Enter the property name (or press <return> to stop adding fields):
 > prop_nb_beds

 Field type (enter ? to see all types) [string]:
 > integer

 Can this field be null in the database (nullable) (yes/no) [no]:
 >

 updated: src/Entity/Property.php

 Add another property? Enter the property name (or press <return> to stop adding fields):
 > prop_nb_baths

 Field type (enter ? to see all types) [string]:
 > integer

 Can this field be null in the database (nullable) (yes/no) [no]:
 >

 updated: src/Entity/Property.php

 Add another property? Enter the property name (or press <return> to stop adding fields):
 > prop_nb_spaces

 Field type (enter ? to see all types) [string]:
 > integer

 Can this field be null in the database (nullable) (yes/no) [no]:
 >

 updated: src/Entity/Property.php

 Add another property? Enter the property name (or press <return> to stop adding fields):
 > prop_furnished

 Field type (enter ? to see all types) [string]:
 > boolean

 Can this field be null in the database (nullable) (yes/no) [no]:
 > yes

 updated: src/Entity/Property.php

 Add another property? Enter the property name (or press <return> to stop adding fields):
 >



  Success!


 Next: When you're ready, create a migration with symfony.exe console make:migration

PS C:\Users\steve\cityscape> symfony console d:s:u --force
 Updating database schema...

     1 query was executed


 [OK] Database schema updated successfully!


PS C:\Users\steve\cityscape> symfony console make:migration


 [WARNING] You have 2 available migrations to execute.


 Are you sure you wish to continue? (yes/no) [yes]:
 >



 [WARNING] No database changes were detected.


 The database schema and the application mapping information are already in sync.

PS C:\Users\steve\cityscape> symfony console d:s:u --force


 [OK] Nothing to update - your database is already in sync with the current
      entity metadata.

PS C:\Users\steve\cityscape> symfony console make:migration


 [WARNING] You have 2 available migrations to execute.


 Are you sure you wish to continue? (yes/no) [yes]:
 >

 created: migrations/Version20240305105053.php


  Success!


 Review the new migration then run it with symfony.exe console doctrine:migrations:migrate
 See https://symfony.com/doc/current/bundles/DoctrineMigrationsBundle/index.html
PS C:\Users\steve\cityscape> symfony console d:s:u --force
 Updating database schema...


In ExceptionConverter.php line 117:

  An exception occurred while executing a query: SQLSTATE[42000]: Syntax e
  rror or access violation: 1075 Incorrect table definition; there can be
  only one auto column and it must be defined as a key


In Exception.php line 28:

  SQLSTATE[42000]: Syntax error or access violation: 1075 Incorrect table
  definition; there can be only one auto column and it must be defined as
  a key


In Connection.php line 33:

  SQLSTATE[42000]: Syntax error or access violation: 1075 Incorrect table
  definition; there can be only one auto column and it must be defined as
  a key


doctrine:schema:update [--em EM] [--complete] [--dump-sql] [-f|--force]

PS C:\Users\steve\cityscape> symfony console make:migration


 [WARNING] You have 3 available migrations to execute.


 Are you sure you wish to continue? (yes/no) [yes]:
 >

 created: migrations/Version20240305105419.php


  Success!


 Review the new migration then run it with symfony.exe console doctrine:migrations:migrate
 See https://symfony.com/doc/current/bundles/DoctrineMigrationsBundle/index.html
PS C:\Users\steve\cityscape> symfony console d:s:u --force
 Updating database schema...

     1 query was executed


 [OK] Database schema updated successfully!

PS C:\Users\steve\cityscape> symfony console make:entity amenity
 Your entity already exists! So let's add some new fields!

 New property name (press <return> to stop adding fields):
 > amen_prop_id

 Field type (enter ? to see all types) [integer]:
 > relation

 What class should this entity be related to?:
 > Property

What type of relationship is this?
 ------------ ------------------------------------------------------------------------
  Type         Description

 ------------ ------------------------------------------------------------------------
  ManyToOne    Each Amenity relates to (has) one Property.

               Each Property can relate to (can have) many Amenity objects.



  OneToMany    Each Amenity can relate to (can have) many Property objects.

               Each Property relates to (has) one Amenity.



  ManyToMany   Each Amenity can relate to (can have) many Property objects.

               Each Property can also relate to (can also have) many Amenity objects.


  OneToOne     Each Amenity relates to (has) exactly one Property.

               Each Property also relates to (has) exactly one Amenity.

 ------------ ------------------------------------------------------------------------

 Relation type? [ManyToOne, OneToMany, ManyToMany, OneToOne]:
 > OneToOne

 Is the Amenity.amen_prop_id property allowed to be null (nullable)? (yes/no) [yes]:
 > no

 Do you want to add a new property to Property so that you can access/update Amenity objects from it - e.g. $property->getAmenity()? (yes/no) [no]:
 >

 updated: src/Entity/Amenity.php

 Add another property? Enter the property name (or press <return> to stop adding fields):
 >



  Success!


 Next: When you're ready, create a migration with symfony.exe console make:migration

PS C:\Users\steve\cityscape> symfony console make:migration


 [WARNING] You have 4 available migrations to execute.


 Are you sure you wish to continue? (yes/no) [yes]:
 >

 created: migrations/Version20240305114814.php


  Success!


 Review the new migration then run it with symfony.exe console doctrine:migrations:migrate
 See https://symfony.com/doc/current/bundles/DoctrineMigrationsBundle/index.html
PS C:\Users\steve\cityscape> symfony console d:s:u --force
 Updating database schema...

     2 queries were executed


 [OK] Database schema updated successfully!


PS C:\Users\steve\cityscape> symfony console make:migration


 [WARNING] You have 5 available migrations to execute.


 Are you sure you wish to continue? (yes/no) [yes]:
 >

 created: migrations/Version20240305115610.php


  Success!


 Review the new migration then run it with symfony.exe console doctrine:migrations:migrate
 See https://symfony.com/doc/current/bundles/DoctrineMigrationsBundle/index.html
PS C:\Users\steve\cityscape> symfony console d:s:u --force
 Updating database schema...

     5 queries were executed


 [OK] Database schema updated successfully!


PS C:\Users\steve\cityscape> symfony console make:migration


 [WARNING] You have 6 available migrations to execute.


 Are you sure you wish to continue? (yes/no) [yes]:
 >

 created: migrations/Version20240305132944.php


  Success!


 Review the new migration then run it with symfony.exe console doctrine:migrations:migrate
 See https://symfony.com/doc/current/bundles/DoctrineMigrationsBundle/index.html
PS C:\Users\steve\cityscape> symfony console d:s:u --force
 Updating database schema...

     5 queries were executed


 [OK] Database schema updated successfully!


PS C:\Users\steve\cityscape> symfony console make:entity picture
 created: src/Entity/Picture.php
 created: src/Repository/PictureRepository.php

 Entity generated! Now let's add some fields!
 You can always add more fields later manually or by re-running this command.

 New property name (press <return> to stop adding fields):
 > pic_file

 Field type (enter ? to see all types) [string]:
 > integer

 Can this field be null in the database (nullable) (yes/no) [no]:
 >

 updated: src/Entity/Picture.php

 Add another property? Enter the property name (or press <return> to stop adding fields):
 > pic_name

 Field type (enter ? to see all types) [string]:
 >

 Field length [255]:
 >

 Can this field be null in the database (nullable) (yes/no) [no]:
 > yes

 updated: src/Entity/Picture.php

 Add another property? Enter the property name (or press <return> to stop adding fields):
 > pic_href

 Field type (enter ? to see all types) [string]:
 >

 Field length [255]:
 >

 Can this field be null in the database (nullable) (yes/no) [no]:
 >

 updated: src/Entity/Picture.php

 Add another property? Enter the property name (or press <return> to stop adding fields):
 > pic_alt

 Field type (enter ? to see all types) [string]:
 >

 Field length [255]:
 >

 Can this field be null in the database (nullable) (yes/no) [no]:
 >

 updated: src/Entity/Picture.php

 Add another property? Enter the property name (or press <return> to stop adding fields):
 > pic_caption

 Field type (enter ? to see all types) [string]:
 >

 Field length [255]:
 >

 Can this field be null in the database (nullable) (yes/no) [no]:
 > yes

 updated: src/Entity/Picture.php

 Add another property? Enter the property name (or press <return> to stop adding fields):
 > pic_type

 Field type (enter ? to see all types) [string]:
 > integer

 Can this field be null in the database (nullable) (yes/no) [no]:
 >

 updated: src/Entity/Picture.php

 Add another property? Enter the property name (or press <return> to stop adding fields):
 > pic_format

 Field type (enter ? to see all types) [string]:
 >

 Field length [255]:
 >

 Can this field be null in the database (nullable) (yes/no) [no]:
 >

 updated: src/Entity/Picture.php

 Add another property? Enter the property name (or press <return> to stop adding fields):
 > pic_width

 Field type (enter ? to see all types) [string]:
 > integer

 Can this field be null in the database (nullable) (yes/no) [no]:
 >

 updated: src/Entity/Picture.php

 Add another property? Enter the property name (or press <return> to stop adding fields):
 > pic_height

 Field type (enter ? to see all types) [string]:
 > integer

 Can this field be null in the database (nullable) (yes/no) [no]:
 >

 updated: src/Entity/Picture.php

 Add another property? Enter the property name (or press <return> to stop adding fields):
 > pic_size

 Field type (enter ? to see all types) [string]:
 > ?

Main Types
  * string or ascii_string
  * text
  * boolean
  * integer or smallint or bigint
  * float

Relationships/Associations
  * relation a wizard will help you build the relation
  * ManyToOne
  * OneToMany
  * ManyToMany
  * OneToOne

Array/Object Types
  * array or simple_array
  * json
  * object
  * binary
  * blob

Date/Time Types
  * datetime or datetime_immutable
  * datetimetz or datetimetz_immutable
  * date or date_immutable
  * time or time_immutable
  * dateinterval

Other Types
  * decimal
  * guid


 Field type (enter ? to see all types) [string]:
 > decimal

 Precision (total number of digits stored: 100.00 would be 5) [10]:
 >

 Scale (number of decimals to store: 100.00 would be 2) [0]:
 > 2

 Can this field be null in the database (nullable) (yes/no) [no]:
 >

 updated: src/Entity/Picture.php

 Add another property? Enter the property name (or press <return> to stop adding fields):
 > pic_property

 Field type (enter ? to see all types) [string]:
 > integer

 Can this field be null in the database (nullable) (yes/no) [no]:
 >

 updated: src/Entity/Picture.php

 Add another property? Enter the property name (or press <return> to stop adding fields):
 > pic_property



 [ERROR] The "pic_property" property already exists.


 Add another property? Enter the property name (or press <return> to stop adding fields):
 > pic_property



 [ERROR] The "pic_property" property already exists.


 Add another property? Enter the property name (or press <return> to stop adding fields):
 >



  Success!


 Next: When you're ready, create a migration with symfony.exe console make:migration

PS C:\Users\steve\cityscape> symfony console make:migration


 [WARNING] You have 7 available migrations to execute.


 Are you sure you wish to continue? (yes/no) [yes]:
 >

 created: migrations/Version20240305133932.php


  Success!


 Review the new migration then run it with symfony.exe console doctrine:migrations:migrate
 See https://symfony.com/doc/current/bundles/DoctrineMigrationsBundle/index.html
PS C:\Users\steve\cityscape> symfony console make:entity picture
 Your entity already exists! So let's add some new fields!

 New property name (press <return> to stop adding fields):
 > pic_property

 Field type (enter ? to see all types) [string]:
 > relation

 What class should this entity be related to?:
 > Property

What type of relationship is this?
 ------------ ------------------------------------------------------------------------
  Type         Description

 ------------ ------------------------------------------------------------------------
  ManyToOne    Each Picture relates to (has) one Property.

               Each Property can relate to (can have) many Picture objects.



  OneToMany    Each Picture can relate to (can have) many Property objects.

               Each Property relates to (has) one Picture.



  ManyToMany   Each Picture can relate to (can have) many Property objects.

               Each Property can also relate to (can also have) many Picture objects.


  OneToOne     Each Picture relates to (has) exactly one Property.

               Each Property also relates to (has) exactly one Picture.

 ------------ ------------------------------------------------------------------------

 Relation type? [ManyToOne, OneToMany, ManyToMany, OneToOne]:
 > ManyToOne

 Is the Picture.pic_property property allowed to be null (nullable)? (yes/no) [yes]:
 > no

 Do you want to add a new property to Property so that you can access/update Picture objects from it - e.g. $property->getPictures()? (yes/no) [yes]:
 > no

 updated: src/Entity/Picture.php

 Add another property? Enter the property name (or press <return> to stop adding fields):
 >



  Success!


 Next: When you're ready, create a migration with symfony.exe console make:migration

PS C:\Users\steve\cityscape> symfony console make:entity feature
 created: src/Entity/Feature.php
 created: src/Repository/FeatureRepository.php

 Entity generated! Now let's add some fields!
 You can always add more fields later manually or by re-running this command.

 New property name (press <return> to stop adding fields):
 > feat_title

 Field type (enter ? to see all types) [string]:
 >

 Field length [255]:
 >

 Can this field be null in the database (nullable) (yes/no) [no]:
 >

 updated: src/Entity/Feature.php

 Add another property? Enter the property name (or press <return> to stop adding fields):
 > feat_property

 Field type (enter ? to see all types) [string]:
 > relation

 What class should this entity be related to?:
 > Property

What type of relationship is this?
 ------------ ------------------------------------------------------------------------
  Type         Description

 ------------ ------------------------------------------------------------------------
  ManyToOne    Each Feature relates to (has) one Property.

               Each Property can relate to (can have) many Feature objects.



  OneToMany    Each Feature can relate to (can have) many Property objects.

               Each Property relates to (has) one Feature.



  ManyToMany   Each Feature can relate to (can have) many Property objects.

               Each Property can also relate to (can also have) many Feature objects.


  OneToOne     Each Feature relates to (has) exactly one Property.

               Each Property also relates to (has) exactly one Feature.

 ------------ ------------------------------------------------------------------------

 Relation type? [ManyToOne, OneToMany, ManyToMany, OneToOne]:
 > ManyToOne

 Is the Feature.feat_property property allowed to be null (nullable)? (yes/no) [yes]:
 > no

 Do you want to add a new property to Property so that you can access/update Feature objects from it - e.g. $property->getFeatures()? (yes/no) [yes]:
 > no

 updated: src/Entity/Feature.php

 Add another property? Enter the property name (or press <return> to stop adding fields):
 >



  Success!


 Next: When you're ready, create a migration with symfony.exe console make:migration

PS C:\Users\steve\cityscape> symfony console make:entity country
 created: src/Entity/Country.php
 created: src/Repository/CountryRepository.php

 Entity generated! Now let's add some fields!
 You can always add more fields later manually or by re-running this command.

 New property name (press <return> to stop adding fields):
 > ct_name

 Field type (enter ? to see all types) [string]:
 >

 Field length [255]:
 >

 Can this field be null in the database (nullable) (yes/no) [no]:
 >

 updated: src/Entity/Country.php

 Add another property? Enter the property name (or press <return> to stop adding fields):
 >



  Success!


 Next: When you're ready, create a migration with symfony.exe console make:migration

PS C:\Users\steve\cityscape> symfony console make:entity address
 created: src/Entity/Address.php
 created: src/Repository/AddressRepository.php

 Entity generated! Now let's add some fields!
 You can always add more fields later manually or by re-running this command.

 New property name (press <return> to stop adding fields):
 > add_nb_street

 Field type (enter ? to see all types) [string]:
 > integer

 Can this field be null in the database (nullable) (yes/no) [no]:
 >

 updated: src/Entity/Address.php

 Add another property? Enter the property name (or press <return> to stop adding fields):
 > add_address_line_1

 Field type (enter ? to see all types) [string]:
 >

 Field length [255]:
 >

 Can this field be null in the database (nullable) (yes/no) [no]:
 >

 updated: src/Entity/Address.php

 Add another property? Enter the property name (or press <return> to stop adding fields):
 > add_address_line_2

 Field type (enter ? to see all types) [string]:
 >

 Field length [255]:
 >

 Can this field be null in the database (nullable) (yes/no) [no]:
 > yes

 updated: src/Entity/Address.php

 Add another property? Enter the property name (or press <return> to stop adding fields):
 > add_city

 Field type (enter ? to see all types) [string]:
 >

 Field length [255]:
 >

 Can this field be null in the database (nullable) (yes/no) [no]:
 >

 updated: src/Entity/Address.php

 Add another property? Enter the property name (or press <return> to stop adding fields):
 > add_state

 Field type (enter ? to see all types) [string]:
 >

 Field length [255]:
 >

 Can this field be null in the database (nullable) (yes/no) [no]:
 >

 updated: src/Entity/Address.php

 Add another property? Enter the property name (or press <return> to stop adding fields):
 > add_zip

 Field type (enter ? to see all types) [string]:
 > integer

 Can this field be null in the database (nullable) (yes/no) [no]:
 >

 updated: src/Entity/Address.php

 Add another property? Enter the property name (or press <return> to stop adding fields):
 > add_property

 Field type (enter ? to see all types) [string]:
 > relation

 What class should this entity be related to?:
 > Property

What type of relationship is this?
 ------------ ------------------------------------------------------------------------
  Type         Description

 ------------ ------------------------------------------------------------------------
  ManyToOne    Each Address relates to (has) one Property.

               Each Property can relate to (can have) many Address objects.



  OneToMany    Each Address can relate to (can have) many Property objects.

               Each Property relates to (has) one Address.



  ManyToMany   Each Address can relate to (can have) many Property objects.

               Each Property can also relate to (can also have) many Address objects.


  OneToOne     Each Address relates to (has) exactly one Property.

               Each Property also relates to (has) exactly one Address.

 ------------ ------------------------------------------------------------------------

 Relation type? [ManyToOne, OneToMany, ManyToMany, OneToOne]:
 > OneToOne

 Is the Address.add_property property allowed to be null (nullable)? (yes/no) [yes]:
 > no

 Do you want to add a new property to Property so that you can access/update Address objects from it - e.g. $property->getAddress()? (yes/no) [no]:
 > no

 updated: src/Entity/Address.php

 Add another property? Enter the property name (or press <return> to stop adding fields):
 > add_country

 Field type (enter ? to see all types) [string]:
 > relation

 What class should this entity be related to?:
 > Country

What type of relationship is this?
 ------------ -----------------------------------------------------------------------
  Type         Description

 ------------ -----------------------------------------------------------------------
  ManyToOne    Each Address relates to (has) one Country.

               Each Country can relate to (can have) many Address objects.



  OneToMany    Each Address can relate to (can have) many Country objects.

               Each Country relates to (has) one Address.



  ManyToMany   Each Address can relate to (can have) many Country objects.

               Each Country can also relate to (can also have) many Address objects.


  OneToOne     Each Address relates to (has) exactly one Country.

               Each Country also relates to (has) exactly one Address.

 ------------ -----------------------------------------------------------------------

 Relation type? [ManyToOne, OneToMany, ManyToMany, OneToOne]:
 > ManyToOne

 Is the Address.add_country property allowed to be null (nullable)? (yes/no) [yes]:
 > no

 Do you want to add a new property to Country so that you can access/update Address objects from it - e.g. $country->getAddresses()? (yes/no) [yes]:
 > no

 updated: src/Entity/Address.php

 Add another property? Enter the property name (or press <return> to stop adding fields):
 >



  Success!


 Next: When you're ready, create a migration with symfony.exe console make:migration

PS C:\Users\steve\cityscape> symfony console make:entity rent
 created: src/Entity/Rent.php
 created: src/Repository/RentRepository.php

 Entity generated! Now let's add some fields!
 You can always add more fields later manually or by re-running this command.

 New property name (press <return> to stop adding fields):
 > rent_start

 Field type (enter ? to see all types) [string]:
 > ?

Main Types
  * string or ascii_string
  * text
  * boolean
  * integer or smallint or bigint
  * float

Relationships/Associations
  * relation a wizard will help you build the relation
  * ManyToOne
  * OneToMany
  * ManyToMany
  * OneToOne

Array/Object Types
  * array or simple_array
  * json
  * object
  * binary
  * blob

Date/Time Types
  * datetime or datetime_immutable
  * datetimetz or datetimetz_immutable
  * date or date_immutable
  * time or time_immutable
  * dateinterval

Other Types
  * decimal
  * guid


 Field type (enter ? to see all types) [string]:
 > date

 Can this field be null in the database (nullable) (yes/no) [no]:
 >

 updated: src/Entity/Rent.php

 Add another property? Enter the property name (or press <return> to stop adding fields):
 > rent_end

 Field type (enter ? to see all types) [string]:
 > date

 Can this field be null in the database (nullable) (yes/no) [no]:
 >

 updated: src/Entity/Rent.php

 Add another property? Enter the property name (or press <return> to stop adding fields):
 > rent_price

 Field type (enter ? to see all types) [string]:
 > decimal

 Precision (total number of digits stored: 100.00 would be 5) [10]:
 >

 Scale (number of decimals to store: 100.00 would be 2) [0]:
 > 2

 Can this field be null in the database (nullable) (yes/no) [no]:
 >

 updated: src/Entity/Rent.php

 Add another property? Enter the property name (or press <return> to stop adding fields):
 > rent_user

 Field type (enter ? to see all types) [string]:
 > relation

 What class should this entity be related to?:
 > User

What type of relationship is this?
 ------------ -----------------------------------------------------------------
  Type         Description

 ------------ -----------------------------------------------------------------
  ManyToOne    Each Rent relates to (has) one User.

               Each User can relate to (can have) many Rent objects.



  OneToMany    Each Rent can relate to (can have) many User objects.

               Each User relates to (has) one Rent.



  ManyToMany   Each Rent can relate to (can have) many User objects.

               Each User can also relate to (can also have) many Rent objects.


  OneToOne     Each Rent relates to (has) exactly one User.

               Each User also relates to (has) exactly one Rent.

 ------------ -----------------------------------------------------------------

 Relation type? [ManyToOne, OneToMany, ManyToMany, OneToOne]:
 > ManyToOne

 Is the Rent.rent_user property allowed to be null (nullable)? (yes/no) [yes]:
 > no

 Do you want to add a new property to User so that you can access/update Rent objects from it - e.g. $user->getRents()? (yes/no) [yes]:
 > no

 updated: src/Entity/Rent.php

 Add another property? Enter the property name (or press <return> to stop adding fields):
 > rent_property

 Field type (enter ? to see all types) [string]:
 > relation

 What class should this entity be related to?:
 > Property

What type of relationship is this?
 ------------ ---------------------------------------------------------------------
  Type         Description

 ------------ ---------------------------------------------------------------------
  ManyToOne    Each Rent relates to (has) one Property.

               Each Property can relate to (can have) many Rent objects.



  OneToMany    Each Rent can relate to (can have) many Property objects.

               Each Property relates to (has) one Rent.



  ManyToMany   Each Rent can relate to (can have) many Property objects.

               Each Property can also relate to (can also have) many Rent objects.


  OneToOne     Each Rent relates to (has) exactly one Property.

               Each Property also relates to (has) exactly one Rent.

 ------------ ---------------------------------------------------------------------

 Relation type? [ManyToOne, OneToMany, ManyToMany, OneToOne]:
 > ManyToOne

 Is the Rent.rent_property property allowed to be null (nullable)? (yes/no) [yes]:
 > no

 Do you want to add a new property to Property so that you can access/update Rent objects from it - e.g. $property->getRents()? (yes/no) [yes]:
 > no

 updated: src/Entity/Rent.php

 Add another property? Enter the property name (or press <return> to stop adding fields):
 >



  Success!


 Next: When you're ready, create a migration with symfony.exe console make:migration

PS C:\Users\steve\cityscape> symfony console make:entity project
 created: src/Entity/Project.php
 created: src/Repository/ProjectRepository.php

 Entity generated! Now let's add some fields!
 You can always add more fields later manually or by re-running this command.

 New property name (press <return> to stop adding fields):
 > proj_client

 Field type (enter ? to see all types) [string]:
 >

 Field length [255]:
 >

 Can this field be null in the database (nullable) (yes/no) [no]:
 >

 updated: src/Entity/Project.php

 Add another property? Enter the property name (or press <return> to stop adding fields):
 > proj_price

 Field type (enter ? to see all types) [string]:
 > integer

 Can this field be null in the database (nullable) (yes/no) [no]:
 >

 updated: src/Entity/Project.php

 Add another property? Enter the property name (or press <return> to stop adding fields):
 > proj_category

 Field type (enter ? to see all types) [string]:
 >

 Field length [255]:
 >

 Can this field be null in the database (nullable) (yes/no) [no]:
 >

 updated: src/Entity/Project.php

 Add another property? Enter the property name (or press <return> to stop adding fields):
 > proj_date

 Field type (enter ? to see all types) [string]:
 > date

 Can this field be null in the database (nullable) (yes/no) [no]:
 >

 updated: src/Entity/Project.php

 Add another property? Enter the property name (or press <return> to stop adding fields):
 > proj_facebook

 Field type (enter ? to see all types) [string]:
 >

 Field length [255]:
 >

 Can this field be null in the database (nullable) (yes/no) [no]:
 > yes

 updated: src/Entity/Project.php

 Add another property? Enter the property name (or press <return> to stop adding fields):
 > proj_twitter

 Field type (enter ? to see all types) [string]:
 >

 Field length [255]:
 >

 Can this field be null in the database (nullable) (yes/no) [no]:
 > yes

 updated: src/Entity/Project.php

 Add another property? Enter the property name (or press <return> to stop adding fields):
 > proj_linkedin

 Field type (enter ? to see all types) [string]:
 >

 Field length [255]:
 >

 Can this field be null in the database (nullable) (yes/no) [no]:
 > yes

 updated: src/Entity/Project.php

 Add another property? Enter the property name (or press <return> to stop adding fields):
 > proj_instagram

 Field type (enter ? to see all types) [string]:
 >

 Field length [255]:
 >

 Can this field be null in the database (nullable) (yes/no) [no]:
 > yes

 updated: src/Entity/Project.php

 Add another property? Enter the property name (or press <return> to stop adding fields):
 > proj_title

 Field type (enter ? to see all types) [string]:
 >

 Field length [255]:
 >

 Can this field be null in the database (nullable) (yes/no) [no]:
 >

 updated: src/Entity/Project.php

 Add another property? Enter the property name (or press <return> to stop adding fields):
 >



  Success!


 Next: When you're ready, create a migration with symfony.exe console make:migration

PS C:\Users\steve\cityscape> symfony console make:migration


 [WARNING] You have 8 available migrations to execute.


 Are you sure you wish to continue? (yes/no) [yes]:
 >

 created: migrations/Version20240305135607.php


  Success!


 Review the new migration then run it with symfony.exe console doctrine:migrations:migrate
 See https://symfony.com/doc/current/bundles/DoctrineMigrationsBundle/index.html
PS C:\Users\steve\cityscape> symfony console d:s:u --force
 Updating database schema...

     12 queries were executed


 [OK] Database schema updated successfully!

PS C:\Users\steve\cityscape> symfony console make:entity project
 created: src/Entity/Project.php
 created: src/Repository/ProjectRepository.php

 Entity generated! Now let's add some fields!
 You can always add more fields later manually or by re-running this command.

 New property name (press <return> to stop adding fields):
 > proj_client

 Field type (enter ? to see all types) [string]:
 >

 Field length [255]:
 >

 Can this field be null in the database (nullable) (yes/no) [no]:
 >

 updated: src/Entity/Project.php

 Add another property? Enter the property name (or press <return> to stop adding fields):
 > proj_price

 Field type (enter ? to see all types) [string]:
 > integer

 Can this field be null in the database (nullable) (yes/no) [no]:
 >

 updated: src/Entity/Project.php

 Add another property? Enter the property name (or press <return> to stop adding fields):
 > proj_category

 Field type (enter ? to see all types) [string]:
 >

 Field length [255]:
 >

 Can this field be null in the database (nullable) (yes/no) [no]:
 >

 updated: src/Entity/Project.php

 Add another property? Enter the property name (or press <return> to stop adding fields):
 > proj_date

 Field type (enter ? to see all types) [string]:
 > date

 Can this field be null in the database (nullable) (yes/no) [no]:
 >

 updated: src/Entity/Project.php

 Add another property? Enter the property name (or press <return> to stop adding fields):
 > proj_facebook

 Field type (enter ? to see all types) [string]:
 >

 Field length [255]:
 >

 Can this field be null in the database (nullable) (yes/no) [no]:
 > yes

 updated: src/Entity/Project.php

 Add another property? Enter the property name (or press <return> to stop adding fields):
 > proj_twitter

 Field type (enter ? to see all types) [string]:
 >

 Field length [255]:
 >

 Can this field be null in the database (nullable) (yes/no) [no]:
 > yes

 updated: src/Entity/Project.php

 Add another property? Enter the property name (or press <return> to stop adding fields):
 > proj_linkedin

 Field type (enter ? to see all types) [string]:
 >

 Field length [255]:
 >

 Can this field be null in the database (nullable) (yes/no) [no]:
 > yes

 updated: src/Entity/Project.php

 Add another property? Enter the property name (or press <return> to stop adding fields):
 > proj_instagram

 Field type (enter ? to see all types) [string]:
 >

 Field length [255]:
 >

 Can this field be null in the database (nullable) (yes/no) [no]:
 > yes

 updated: src/Entity/Project.php

 Add another property? Enter the property name (or press <return> to stop adding fields):
 > proj_title

 Field type (enter ? to see all types) [string]:
 >

 Field length [255]:
 >

 Can this field be null in the database (nullable) (yes/no) [no]:
 >

 updated: src/Entity/Project.php

 Add another property? Enter the property name (or press <return> to stop adding fields):
 >



  Success!


 Next: When you're ready, create a migration with symfony.exe console make:migration

PS C:\Users\steve\cityscape> symfony console make:migration


 [WARNING] You have 8 available migrations to execute.


 Are you sure you wish to continue? (yes/no) [yes]:
 >

 created: migrations/Version20240305135607.php


  Success!


 Review the new migration then run it with symfony.exe console doctrine:migrations:migrate
 See https://symfony.com/doc/current/bundles/DoctrineMigrationsBundle/index.html
PS C:\Users\steve\cityscape> symfony console d:s:u --force
 Updating database schema...

     12 queries were executed


 [OK] Database schema updated successfully!

PS C:\Users\steve\cityscape> composer require --dev symfony/phpunit-bridge
./composer.json has been updated
Running composer update symfony/phpunit-bridge
Loading composer repositories with package information
Updating dependencies
Nothing to modify in lock file
Writing lock file
Installing dependencies from lock file (including require-dev)
Nothing to install, update or remove
Generating autoload files
113 packages you are using are looking for funding.
Use the `composer fund` command to find out more!

Run composer recipes at any time to see the status of your Symfony recipes.

Executing script cache:clear [OK]
Executing script assets:install public [OK]
Executing script importmap:install [OK]

No security vulnerability advisories found.
Using version ^7.0 for symfony/phpunit-bridge
PS C:\Users\steve\cityscape> ./bin/phpunit
PS C:\Users\steve\cityscape> phpunit
phpunit: The term 'phpunit' is not recognized as a name of a cmdlet, function, script file, or executable program.
Check the spelling of the name, or if a path was included, verify that the path is correct and try again.
PS C:\Users\steve\cityscape> symfony phpunit

  Command "phpunit" does not exist.

PS C:\Users\steve\cityscape> symfony console phpunit


  Command "phpunit" is not defined.


PS C:\Users\steve\cityscape> bin/phpunit
PS C:\Users\steve\cityscape> /bin/phpunit
/bin/phpunit: The term '/bin/phpunit' is not recognized as a name of a cmdlet, function, script file, or executable program.
Check the spelling of the name, or if a path was included, verify that the path is correct and try again.

Suggestion [3,General]: The command "/bin/phpunit" was not found, but does exist in the current location.
PowerShell does not load commands from the current location by default (see ''Get-Help about_Command_Precedence'').

If you trust this command, run the following command instead:
PS C:\Users\steve\cityscape> ./bin/phpunit
PS C:\Users\steve\cityscape> symfony console make:migration


 [WARNING] You have 9 available migrations to execute.


 Are you sure you wish to continue? (yes/no) [yes]:
 >

 created: migrations/Version20240305162031.php


  Success!


 Review the new migration then run it with symfony.exe console doctrine:migrations:migrate
 See https://symfony.com/doc/current/bundles/DoctrineMigrationsBundle/index.html
PS C:\Users\steve\cityscape> symfony console d:s:u --force
 Updating database schema...

     1 query was executed


 [OK] Database schema updated successfully!
 
PowerShell 7.4.1
PS C:\Users\steve> cd cityscape
PS C:\Users\steve\cityscape> composer require fakerphp/faker
./composer.json has been updated
Running composer update fakerphp/faker
Loading composer repositories with package information
Updating dependencies
Lock file operations: 1 install, 0 updates, 0 removals
  - Locking fakerphp/faker (v1.23.1)
Writing lock file
Installing dependencies from lock file (including require-dev)
Package operations: 1 install, 0 updates, 0 removals
    Failed to download fakerphp/faker from dist: The zip extension and unzip/7z commands are both missing, skipping.
The php.ini used by your command-line PHP is: C:\laragon\bin\php\php-8.3.2-Win32-vs16-x64\php.ini
    Now trying to download from source
  - Syncing fakerphp/faker (v1.23.1) into cache
  - Installing fakerphp/faker (v1.23.1): Cloning bfb4fe148a from cache
Generating autoload files
113 packages you are using are looking for funding.
Use the `composer fund` command to find out more!

Run composer recipes at any time to see the status of your Symfony recipes.

Executing script cache:clear [OK]
Executing script assets:install public [OK]
Executing script importmap:install [OK]

No security vulnerability advisories found.
Using version ^1.23 for fakerphp/faker
PS C:\Users\steve\cityscape> symfony serve -d

 [WARNING] The local web server is optimized for local development and MUST never be used in a production setup.



 [OK] Web server listening
      The Web server is using PHP CGI 8.3.2
      https://127.0.0.1:8000


Stream the logs via symfony.exe server:log
PS C:\Users\steve\cityscape>

PS C:\Users\steve\cityscape> composer require vich/uploader-bundle
./composer.json has been updated
Running composer update vich/uploader-bundle
Loading composer repositories with package information
Restricting packages listed in "symfony/symfony" to "7.0.*"
Updating dependencies
Lock file operations: 2 installs, 0 updates, 0 removals
  - Locking jms/metadata (2.8.0)
  - Locking vich/uploader-bundle (2.3.1)
Writing lock file
Installing dependencies from lock file (including require-dev)
Package operations: 2 installs, 0 updates, 0 removals
    Failed to download jms/metadata from dist: The zip extension and unzip/7z commands are both missing, skipping.
The php.ini used by your command-line PHP is: C:\laragon\bin\php\php-8.3.2-Win32-vs16-x64\php.ini
    Now trying to download from source
  - Syncing jms/metadata (2.8.0) into cache
    Failed to download vich/uploader-bundle from dist: The zip extension and unzip/7z commands are both missing, skipping.
The php.ini used by your command-line PHP is: C:\laragon\bin\php\php-8.3.2-Win32-vs16-x64\php.ini
    Now trying to download from source
  - Syncing vich/uploader-bundle (2.3.1) into cache
  - Installing jms/metadata (2.8.0): Cloning 7ca240dcac from cache
  - Installing vich/uploader-bundle (2.3.1): Cloning f21f620502 from cache
Generating autoload files
113 packages you are using are looking for funding.
Use the `composer fund` command to find out more!

Symfony operations: 1 recipe (b1c4e512c1bbad25c8b58fa3fb26f017)
  -  WARNING  vich/uploader-bundle (>=1.13): From github.com/symfony/recipes-contrib:main
    The recipe for this package comes from the "contrib" repository, which is open to community contributions.
    Review the recipe at https://github.com/symfony/recipes-contrib/tree/main/vich/uploader-bundle/1.13

    Do you want to execute this recipe?
    [y] Yes
    [n] No
    [a] Yes for all packages, only for the current installation session
    [p] Yes permanently, never ask again for this project
    (defaults to n): y
  - Configuring vich/uploader-bundle (>=1.13): From github.com/symfony/recipes-contrib:main
Executing script cache:clear [OK]
Executing script assets:install public [OK]
Executing script importmap:install [OK]

 What's next?


Some files have been created and/or updated to configure your new packages.
Please review, edit and commit them: these files are yours.

No security vulnerability advisories found.
Using version ^2.3 for vich/uploader-bundle
PS C:\Users\steve\cityscape> symfony console make:migration
ParseError {#500
  #message: "syntax error, unexpected double-quoted string "assets/", expecting identifier or variable or "{" or "$""
  #code: 0
  #file: "C:\Users\steve\cityscape\src\DataFixtures\AppFixtures.php"
  #line: 92
  trace: {
    C:\Users\steve\cityscape\src\DataFixtures\AppFixtures.php:92 {
      Symfony\Component\ErrorHandler\DebugClassLoader->loadClass(string $class): void^
       $picture->setPicName($faker->word());
       $picture->setPicHref($faker->"assets/");
       $picture->setPicAlt($faker->sentence(5));
    }
    Symfony\Component\ErrorHandler\DebugClassLoader->loadClass() {}
    C:\Users\steve\cityscape\vendor\symfony\config\Resource\ClassExistenceResource.php:76 { }
    C:\Users\steve\cityscape\vendor\symfony\dependency-injection\ContainerBuilder.php:354 { }
    C:\Users\steve\cityscape\vendor\symfony\dependency-injection\Loader\FileLoader.php:285 { }
    C:\Users\steve\cityscape\vendor\symfony\dependency-injection\Loader\FileLoader.php:118 { }
    C:\Users\steve\cityscape\vendor\symfony\dependency-injection\Loader\YamlFileLoader.php:705 { }
    C:\Users\steve\cityscape\vendor\symfony\dependency-injection\Loader\YamlFileLoader.php:254 { }
    C:\Users\steve\cityscape\vendor\symfony\dependency-injection\Loader\YamlFileLoader.php:177 { }
    C:\Users\steve\cityscape\vendor\symfony\dependency-injection\Loader\YamlFileLoader.php:133 { }
    C:\Users\steve\cityscape\vendor\symfony\config\Loader\FileLoader.php:163 { }
    C:\Users\steve\cityscape\vendor\symfony\config\Loader\FileLoader.php:94 { }
    C:\Users\steve\cityscape\vendor\symfony\dependency-injection\Loader\FileLoader.php:70 { }
    C:\Users\steve\cityscape\vendor\symfony\dependency-injection\Loader\Configurator\ContainerConfigurator.php:64 { }
    C:\Users\steve\cityscape\vendor\symfony\framework-bundle\Kernel\MicroKernelTrait.php:57 { }
    C:\Users\steve\cityscape\vendor\symfony\framework-bundle\Kernel\MicroKernelTrait.php:187 { }
    C:\Users\steve\cityscape\vendor\symfony\dependency-injection\Loader\ClosureLoader.php:36 { }
    C:\Users\steve\cityscape\vendor\symfony\config\Loader\DelegatingLoader.php:37 { }
    C:\Users\steve\cityscape\vendor\symfony\framework-bundle\Kernel\MicroKernelTrait.php:143 { }
    C:\Users\steve\cityscape\vendor\symfony\http-kernel\Kernel.php:590 { }
    C:\Users\steve\cityscape\vendor\symfony\http-kernel\Kernel.php:487 { }
    C:\Users\steve\cityscape\vendor\symfony\http-kernel\Kernel.php:725 { }
    C:\Users\steve\cityscape\vendor\symfony\http-kernel\Kernel.php:123 { }
    C:\Users\steve\cityscape\vendor\symfony\framework-bundle\Console\Application.php:179 { }
    C:\Users\steve\cityscape\vendor\symfony\framework-bundle\Console\Application.php:71 { }
    C:\Users\steve\cityscape\vendor\symfony\console\Application.php:169 { }
    C:\Users\steve\cityscape\vendor\symfony\runtime\Runner\Symfony\ConsoleApplicationRunner.php:49 { }
    C:\Users\steve\cityscape\vendor\autoload_runtime.php:29 { }
    C:\Users\steve\cityscape\bin\console:11 { }
  }
}
PS C:\Users\steve\cityscape> symfony console make:migration


 [WARNING] You have 10 available migrations to execute.


 Are you sure you wish to continue? (yes/no) [yes]:
 >


In MappingException.php line 420:

  Duplicate definition of column 'created_at' on entity 'App\Entity\Property' in a field or discriminator column mapp
  ing.


make:migration

PS C:\Users\steve\cityscape> symfony console make:migration


 [WARNING] You have 10 available migrations to execute.


 Are you sure you wish to continue? (yes/no) [yes]:
 >

 created: migrations/Version20240307102258.php


  Success!


 Review the new migration then run it with symfony.exe console doctrine:migrations:migrate
 See https://symfony.com/doc/current/bundles/DoctrineMigrationsBundle/index.html
PS C:\Users\steve\cityscape> symfony console d:s:u --force
 Updating database schema...


In ExceptionConverter.php line 117:

  An exception occurred while executing a query: SQLSTATE[42000]: Syntax error or access violation: 1067 Invalid defa
  ult value for 'created_at'


In Exception.php line 28:

  SQLSTATE[42000]: Syntax error or access violation: 1067 Invalid default value for 'created_at'


In Connection.php line 33:

  SQLSTATE[42000]: Syntax error or access violation: 1067 Invalid default value for 'created_at'


doctrine:schema:update [--em EM] [--complete] [--dump-sql] [-f|--force]

PS C:\Users\steve\cityscape> symfony console make:migration


 [WARNING] You have 11 available migrations to execute.


 Are you sure you wish to continue? (yes/no) [yes]:
 >

 created: migrations/Version20240307102508.php


  Success!


 Review the new migration then run it with symfony.exe console doctrine:migrations:migrate
 See https://symfony.com/doc/current/bundles/DoctrineMigrationsBundle/index.html
PS C:\Users\steve\cityscape> symfony console d:s:u --force
 Updating database schema...

     2 queries were executed


 [OK] Database schema updated successfully!

PowerShell 7.4.1
PS C:\Users\steve> cd cityscape
PS C:\Users\steve\cityscape> composer require fakerphp/faker
./composer.json has been updated
Running composer update fakerphp/faker
Loading composer repositories with package information
Updating dependencies
Lock file operations: 1 install, 0 updates, 0 removals
  - Locking fakerphp/faker (v1.23.1)
Writing lock file
Installing dependencies from lock file (including require-dev)
Package operations: 1 install, 0 updates, 0 removals
    Failed to download fakerphp/faker from dist: The zip extension and unzip/7z commands are both missing, skipping.
The php.ini used by your command-line PHP is: C:\laragon\bin\php\php-8.3.2-Win32-vs16-x64\php.ini
    Now trying to download from source
  - Syncing fakerphp/faker (v1.23.1) into cache
  - Installing fakerphp/faker (v1.23.1): Cloning bfb4fe148a from cache
Generating autoload files
113 packages you are using are looking for funding.
Use the `composer fund` command to find out more!

Run composer recipes at any time to see the status of your Symfony recipes.

Executing script cache:clear [OK]
Executing script assets:install public [OK]
Executing script importmap:install [OK]

No security vulnerability advisories found.
Using version ^1.23 for fakerphp/faker
PS C:\Users\steve\cityscape> symfony serve -d

 [WARNING] The local web server is optimized for local development and MUST never be used in a production setup.



 [OK] Web server listening
      The Web server is using PHP CGI 8.3.2
      https://127.0.0.1:8000


Stream the logs via symfony.exe server:log
PS C:\Users\steve\cityscape> composer require vich/uploader-bundle
./composer.json has been updated
Running composer update vich/uploader-bundle
Loading composer repositories with package information
Restricting packages listed in "symfony/symfony" to "7.0.*"
Updating dependencies
Lock file operations: 2 installs, 0 updates, 0 removals
  - Locking jms/metadata (2.8.0)
  - Locking vich/uploader-bundle (2.3.1)
Writing lock file
Installing dependencies from lock file (including require-dev)
Package operations: 2 installs, 0 updates, 0 removals
    Failed to download jms/metadata from dist: The zip extension and unzip/7z commands are both missing, skipping.
The php.ini used by your command-line PHP is: C:\laragon\bin\php\php-8.3.2-Win32-vs16-x64\php.ini
    Now trying to download from source
  - Syncing jms/metadata (2.8.0) into cache
    Failed to download vich/uploader-bundle from dist: The zip extension and unzip/7z commands are both missing, skipping.
The php.ini used by your command-line PHP is: C:\laragon\bin\php\php-8.3.2-Win32-vs16-x64\php.ini
    Now trying to download from source
  - Syncing vich/uploader-bundle (2.3.1) into cache
  - Installing jms/metadata (2.8.0): Cloning 7ca240dcac from cache
  - Installing vich/uploader-bundle (2.3.1): Cloning f21f620502 from cache
Generating autoload files
113 packages you are using are looking for funding.
Use the `composer fund` command to find out more!

Symfony operations: 1 recipe (b1c4e512c1bbad25c8b58fa3fb26f017)
  -  WARNING  vich/uploader-bundle (>=1.13): From github.com/symfony/recipes-contrib:main
    The recipe for this package comes from the "contrib" repository, which is open to community contributions.
    Review the recipe at https://github.com/symfony/recipes-contrib/tree/main/vich/uploader-bundle/1.13

    Do you want to execute this recipe?
    [y] Yes
    [n] No
    [a] Yes for all packages, only for the current installation session
    [p] Yes permanently, never ask again for this project
    (defaults to n): y
  - Configuring vich/uploader-bundle (>=1.13): From github.com/symfony/recipes-contrib:main
Executing script cache:clear [OK]
Executing script assets:install public [OK]
Executing script importmap:install [OK]

 What's next?


Some files have been created and/or updated to configure your new packages.
Please review, edit and commit them: these files are yours.

No security vulnerability advisories found.
Using version ^2.3 for vich/uploader-bundle
PS C:\Users\steve\cityscape> symfony console make:migration
ParseError {#500
  #message: "syntax error, unexpected double-quoted string "assets/", expecting identifier or variable or "{" or "$""
  #code: 0
  #file: "C:\Users\steve\cityscape\src\DataFixtures\AppFixtures.php"
  #line: 92
  trace: {
    C:\Users\steve\cityscape\src\DataFixtures\AppFixtures.php:92 {
      Symfony\Component\ErrorHandler\DebugClassLoader->loadClass(string $class): void^
       $picture->setPicName($faker->word());
       $picture->setPicHref($faker->"assets/");
       $picture->setPicAlt($faker->sentence(5));
    }
    Symfony\Component\ErrorHandler\DebugClassLoader->loadClass() {}
    C:\Users\steve\cityscape\vendor\symfony\config\Resource\ClassExistenceResource.php:76 { }
    C:\Users\steve\cityscape\vendor\symfony\dependency-injection\ContainerBuilder.php:354 { }
    C:\Users\steve\cityscape\vendor\symfony\dependency-injection\Loader\FileLoader.php:285 { }
    C:\Users\steve\cityscape\vendor\symfony\dependency-injection\Loader\FileLoader.php:118 { }
    C:\Users\steve\cityscape\vendor\symfony\dependency-injection\Loader\YamlFileLoader.php:705 { }
    C:\Users\steve\cityscape\vendor\symfony\dependency-injection\Loader\YamlFileLoader.php:254 { }
    C:\Users\steve\cityscape\vendor\symfony\dependency-injection\Loader\YamlFileLoader.php:177 { }
    C:\Users\steve\cityscape\vendor\symfony\dependency-injection\Loader\YamlFileLoader.php:133 { }
    C:\Users\steve\cityscape\vendor\symfony\config\Loader\FileLoader.php:163 { }
    C:\Users\steve\cityscape\vendor\symfony\config\Loader\FileLoader.php:94 { }
    C:\Users\steve\cityscape\vendor\symfony\dependency-injection\Loader\FileLoader.php:70 { }
    C:\Users\steve\cityscape\vendor\symfony\dependency-injection\Loader\Configurator\ContainerConfigurator.php:64 { }
    C:\Users\steve\cityscape\vendor\symfony\framework-bundle\Kernel\MicroKernelTrait.php:57 { }
    C:\Users\steve\cityscape\vendor\symfony\framework-bundle\Kernel\MicroKernelTrait.php:187 { }
    C:\Users\steve\cityscape\vendor\symfony\dependency-injection\Loader\ClosureLoader.php:36 { }
    C:\Users\steve\cityscape\vendor\symfony\config\Loader\DelegatingLoader.php:37 { }
    C:\Users\steve\cityscape\vendor\symfony\framework-bundle\Kernel\MicroKernelTrait.php:143 { }
    C:\Users\steve\cityscape\vendor\symfony\http-kernel\Kernel.php:590 { }
    C:\Users\steve\cityscape\vendor\symfony\http-kernel\Kernel.php:487 { }
    C:\Users\steve\cityscape\vendor\symfony\http-kernel\Kernel.php:725 { }
    C:\Users\steve\cityscape\vendor\symfony\http-kernel\Kernel.php:123 { }
    C:\Users\steve\cityscape\vendor\symfony\framework-bundle\Console\Application.php:179 { }
    C:\Users\steve\cityscape\vendor\symfony\framework-bundle\Console\Application.php:71 { }
    C:\Users\steve\cityscape\vendor\symfony\console\Application.php:169 { }
    C:\Users\steve\cityscape\vendor\symfony\runtime\Runner\Symfony\ConsoleApplicationRunner.php:49 { }
    C:\Users\steve\cityscape\vendor\autoload_runtime.php:29 { }
    C:\Users\steve\cityscape\bin\console:11 { }
  }
}
PS C:\Users\steve\cityscape> symfony console make:migration


 [WARNING] You have 10 available migrations to execute.


 Are you sure you wish to continue? (yes/no) [yes]:
 >


In MappingException.php line 420:

  Duplicate definition of column 'created_at' on entity 'App\Entity\Property' in a field or discriminator column mapp
  ing.


make:migration

PS C:\Users\steve\cityscape> symfony console make:migration


 [WARNING] You have 10 available migrations to execute.


 Are you sure you wish to continue? (yes/no) [yes]:
 >

 created: migrations/Version20240307102258.php


  Success!


 Review the new migration then run it with symfony.exe console doctrine:migrations:migrate
 See https://symfony.com/doc/current/bundles/DoctrineMigrationsBundle/index.html
PS C:\Users\steve\cityscape> symfony console d:s:u --force
 Updating database schema...


In ExceptionConverter.php line 117:

  An exception occurred while executing a query: SQLSTATE[42000]: Syntax error or access violation: 1067 Invalid defa
  ult value for 'created_at'


In Exception.php line 28:

  SQLSTATE[42000]: Syntax error or access violation: 1067 Invalid default value for 'created_at'


In Connection.php line 33:

  SQLSTATE[42000]: Syntax error or access violation: 1067 Invalid default value for 'created_at'


doctrine:schema:update [--em EM] [--complete] [--dump-sql] [-f|--force]

PS C:\Users\steve\cityscape> symfony console make:migration


 [WARNING] You have 11 available migrations to execute.


 Are you sure you wish to continue? (yes/no) [yes]:
 >

 created: migrations/Version20240307102508.php


  Success!


 Review the new migration then run it with symfony.exe console doctrine:migrations:migrate
 See https://symfony.com/doc/current/bundles/DoctrineMigrationsBundle/index.html
PS C:\Users\steve\cityscape> symfony console d:s:u --force
 Updating database schema...

     2 queries were executed


 [OK] Database schema updated successfully!


PS C:\Users\steve\cityscape> symfony console make:entity property
 Your entity already exists! So let's add some new fields!

 New property name (press <return> to stop adding fields):
 > picture

 Field type (enter ? to see all types) [string]:
 > relation

 What class should this entity be related to?:
 > Picture

What type of relationship is this?
 ------------ ------------------------------------------------------------------------
  Type         Description
 ------------ ------------------------------------------------------------------------
  ManyToOne    Each Property relates to (has) one Picture.
               Each Picture can relate to (can have) many Property objects.

  OneToMany    Each Property can relate to (can have) many Picture objects.
               Each Picture relates to (has) one Property.

  ManyToMany   Each Property can relate to (can have) many Picture objects.
               Each Picture can also relate to (can also have) many Property objects.

  OneToOne     Each Property relates to (has) exactly one Picture.
               Each Picture also relates to (has) exactly one Property.
 ------------ ------------------------------------------------------------------------

 Relation type? [ManyToOne, OneToMany, ManyToMany, OneToOne]:
 > OneToMany

 A new property will also be added to the Picture class so that you can access and set the related Property object from it.

 New field name inside Picture [property]:
 >

 Is the Picture.property property allowed to be null (nullable)? (yes/no) [yes]:
 >

 updated: src/Entity/Property.php
 updated: src/Entity/Picture.php

 Add another property? Enter the property name (or press <return> to stop adding fields):
 >



  Success!


 Next: When you're ready, create a migration with symfony.exe console make:migration

PS C:\Users\steve\cityscape> symfony console make:entity property
 Your entity already exists! So let's add some new fields!

 New property name (press <return> to stop adding fields):
 > category

 Field type (enter ? to see all types) [string]:
 > relation

 What class should this entity be related to?:
 > Category

What type of relationship is this?
 ------------ -------------------------------------------------------------------------
  Type         Description
 ------------ -------------------------------------------------------------------------
  ManyToOne    Each Property relates to (has) one Category.
               Each Category can relate to (can have) many Property objects.

  OneToMany    Each Property can relate to (can have) many Category objects.
               Each Category relates to (has) one Property.

  ManyToMany   Each Property can relate to (can have) many Category objects.
               Each Category can also relate to (can also have) many Property objects.

  OneToOne     Each Property relates to (has) exactly one Category.
               Each Category also relates to (has) exactly one Property.
 ------------ -------------------------------------------------------------------------

 Relation type? [ManyToOne, OneToMany, ManyToMany, OneToOne]:
 > ManyToOne

 Is the Property.category property allowed to be null (nullable)? (yes/no) [yes]:
 >

 Do you want to add a new property to Category so that you can access/update Property objects from it - e.g. $category->getProperties()? (yes/no) [yes]:
 >

 A new property will also be added to the Category class so that you can access the related Property objects from it.

 New field name inside Category [properties]:
 >

 updated: src/Entity/Property.php
 updated: src/Entity/Category.php

 Add another property? Enter the property name (or press <return> to stop adding fields):
 >



  Success!


 Next: When you're ready, create a migration with symfony.exe console make:migration

PS C:\Users\steve\cityscape> symfony console make:migration


 [WARNING] You have 12 available migrations to execute.


 Are you sure you wish to continue? (yes/no) [yes]:
 >

 created: migrations/Version20240307104134.php


  Success!


 Review the new migration then run it with symfony.exe console doctrine:migrations:migrate
 See https://symfony.com/doc/current/bundles/DoctrineMigrationsBundle/index.html
PS C:\Users\steve\cityscape> symfony console d:s:u --force
 Updating database schema...

     6 queries were executed


 [OK] Database schema updated successfully!


PS C:\Users\steve\cityscape> symfony console make:entity user
 Your entity already exists! So let's add some new fields!

 New property name (press <return> to stop adding fields):
 > firstName

 Field type (enter ? to see all types) [string]:
 > string

 Field length [255]:
 >

 Can this field be null in the database (nullable) (yes/no) [no]:
 >

 updated: src/Entity/User.php

 Add another property? Enter the property name (or press <return> to stop adding fields):
 > lastName

 Field type (enter ? to see all types) [string]:
 >

 Field length [255]:
 >

 Can this field be null in the database (nullable) (yes/no) [no]:
 >

 updated: src/Entity/User.php

 Add another property? Enter the property name (or press <return> to stop adding fields):
 > userName

 Field type (enter ? to see all types) [string]:
 >

 Field length [255]:
 >

 Can this field be null in the database (nullable) (yes/no) [no]:
 >

 updated: src/Entity/User.php

 Add another property? Enter the property name (or press <return> to stop adding fields):
 >



  Success!


 Next: When you're ready, create a migration with symfony.exe console make:migration

PS C:\Users\steve\cityscape> symfony console make:migration


 [WARNING] You have 13 available migrations to execute.


 Are you sure you wish to continue? (yes/no) [yes]:
 >

 created: migrations/Version20240307104848.php


  Success!


 Review the new migration then run it with symfony.exe console doctrine:migrations:migrate
 See https://symfony.com/doc/current/bundles/DoctrineMigrationsBundle/index.html
PS C:\Users\steve\cityscape> symfony console d:s:u --force
 Updating database schema...

     1 query was executed


 [OK] Database schema updated successfully!


PS C:\Users\steve\cityscape> symfony console make:migration


 [WARNING] You have 14 available migrations to execute.


 Are you sure you wish to continue? (yes/no) [yes]:
 >



 [WARNING] No database changes were detected.


 The database schema and the application mapping information are already in sync.

PS C:\Users\steve\cityscape> symfony console d:f:l -n
   > purging database
   > loading App\DataFixtures\AddressFixtures

In Address.php line 112:

  App\Entity\Address::setAddZip(): Argument #1 ($add_zip) must be of type int, string given, called in C:\Users\steve
  \cityscape\src\DataFixtures\AddressFixtures.php on line 24


doctrine:fixtures:load [--append] [--group GROUP] [--em EM] [--purger PURGER] [--purge-exclusions PURGE-EXCLUSIONS] [--purge-with-truncate]

PS C:\Users\steve\cityscape> symfony console d:f:l -n
   > purging database
   > loading App\DataFixtures\AddressFixtures

In ExceptionConverter.php line 114:

  An exception occurred while executing a query: SQLSTATE[23000]: Integrity constraint violation: 1048 Column 'add_pr
  operty_id' cannot be null


In Exception.php line 28:

  SQLSTATE[23000]: Integrity constraint violation: 1048 Column 'add_property_id' cannot be null


In Statement.php line 130:

  SQLSTATE[23000]: Integrity constraint violation: 1048 Column 'add_property_id' cannot be null


doctrine:fixtures:load [--append] [--group GROUP] [--em EM] [--purger PURGER] [--purge-exclusions PURGE-EXCLUSIONS] [--purge-with-truncate]

PS C:\Users\steve\cityscape> symfony console d:f:l -n
   > purging database
   > loading App\DataFixtures\AddressFixtures

In ExceptionConverter.php line 114:

  An exception occurred while executing a query: SQLSTATE[23000]: Integrity constraint violation: 1048 Column 'add_pr
  operty_id' cannot be null


In Exception.php line 28:

  SQLSTATE[23000]: Integrity constraint violation: 1048 Column 'add_property_id' cannot be null


In Statement.php line 130:

  SQLSTATE[23000]: Integrity constraint violation: 1048 Column 'add_property_id' cannot be null


doctrine:fixtures:load [--append] [--group GROUP] [--em EM] [--purger PURGER] [--purge-exclusions PURGE-EXCLUSIONS] [--purge-with-truncate]

PS C:\Users\steve\cityscape> symfony console d:f:l -n
   > purging database
   > loading App\DataFixtures\PropertyFixtures

In ReferenceRepository.php line 226:

  Reference to "category_3" does not exist


doctrine:fixtures:load [--append] [--group GROUP] [--em EM] [--purger PURGER] [--purge-exclusions PURGE-EXCLUSIONS] [--purge-with-truncate]

PS C:\Users\steve\cityscape> symfony console d:f:l -n
ParseError {#547
  #message: "syntax error, unexpected variable "$this", expecting "function""
  #code: 0
  #file: "C:\Users\steve\cityscape\src\DataFixtures\PropertyFixtures.php"
  #line: 16
  trace: {
    C:\Users\steve\cityscape\src\DataFixtures\PropertyFixtures.php:16 {
      Composer\Autoload\{closure}^
       {
       \t$this->addReference("picture_".$i, Property::class);
       \t
    }
    C:\Users\steve\cityscape\vendor\composer\ClassLoader.php:427 { }
    C:\Users\steve\cityscape\vendor\symfony\error-handler\DebugClassLoader.php:304 { }
    Symfony\Component\ErrorHandler\DebugClassLoader->loadClass() {}
    C:\Users\steve\cityscape\vendor\symfony\config\Resource\ClassExistenceResource.php:76 { }
    C:\Users\steve\cityscape\vendor\symfony\dependency-injection\ContainerBuilder.php:354 { }
    C:\Users\steve\cityscape\vendor\symfony\dependency-injection\Loader\FileLoader.php:285 { }
    C:\Users\steve\cityscape\vendor\symfony\dependency-injection\Loader\FileLoader.php:118 { }
    C:\Users\steve\cityscape\vendor\symfony\dependency-injection\Loader\YamlFileLoader.php:705 { }
    C:\Users\steve\cityscape\vendor\symfony\dependency-injection\Loader\YamlFileLoader.php:254 { }
    C:\Users\steve\cityscape\vendor\symfony\dependency-injection\Loader\YamlFileLoader.php:177 { }
    C:\Users\steve\cityscape\vendor\symfony\dependency-injection\Loader\YamlFileLoader.php:133 { }
    C:\Users\steve\cityscape\vendor\symfony\config\Loader\FileLoader.php:163 { }
    C:\Users\steve\cityscape\vendor\symfony\config\Loader\FileLoader.php:94 { }
    C:\Users\steve\cityscape\vendor\symfony\dependency-injection\Loader\FileLoader.php:70 { }
    C:\Users\steve\cityscape\vendor\symfony\dependency-injection\Loader\Configurator\ContainerConfigurator.php:64 { }
    C:\Users\steve\cityscape\vendor\symfony\framework-bundle\Kernel\MicroKernelTrait.php:57 { }
    C:\Users\steve\cityscape\vendor\symfony\framework-bundle\Kernel\MicroKernelTrait.php:187 { }
    C:\Users\steve\cityscape\vendor\symfony\dependency-injection\Loader\ClosureLoader.php:36 { }
    C:\Users\steve\cityscape\vendor\symfony\config\Loader\DelegatingLoader.php:37 { }
    C:\Users\steve\cityscape\vendor\symfony\framework-bundle\Kernel\MicroKernelTrait.php:143 { }
    C:\Users\steve\cityscape\vendor\symfony\http-kernel\Kernel.php:590 { }
    C:\Users\steve\cityscape\vendor\symfony\http-kernel\Kernel.php:487 { }
    C:\Users\steve\cityscape\vendor\symfony\http-kernel\Kernel.php:725 { }
    C:\Users\steve\cityscape\vendor\symfony\http-kernel\Kernel.php:123 { }
    C:\Users\steve\cityscape\vendor\symfony\framework-bundle\Console\Application.php:179 { }
    C:\Users\steve\cityscape\vendor\symfony\framework-bundle\Console\Application.php:71 { }
    C:\Users\steve\cityscape\vendor\symfony\console\Application.php:169 { }
    C:\Users\steve\cityscape\vendor\symfony\runtime\Runner\Symfony\ConsoleApplicationRunner.php:49 { }
    C:\Users\steve\cityscape\vendor\autoload_runtime.php:29 { }
    C:\Users\steve\cityscape\bin\console:11 { }
  }
}
PS C:\Users\steve\cityscape> symfony console d:f:l -n
ParseError {#544
  #message: "Unclosed '{' on line 12"
  #code: 0
  #file: "C:\Users\steve\cityscape\src\DataFixtures\PictureFixtures.php"
  #line: 39
  trace: {
    C:\Users\steve\cityscape\src\DataFixtures\PictureFixtures.php:39 {
      Composer\Autoload\{closure}^
       }
       "in Composer\Autoload\{closure}"
      
    }
    C:\Users\steve\cityscape\vendor\composer\ClassLoader.php:427 { }
    C:\Users\steve\cityscape\vendor\symfony\error-handler\DebugClassLoader.php:304 { }
    Symfony\Component\ErrorHandler\DebugClassLoader->loadClass() {}
    C:\Users\steve\cityscape\vendor\symfony\config\Resource\ClassExistenceResource.php:76 { }
    C:\Users\steve\cityscape\vendor\symfony\dependency-injection\ContainerBuilder.php:354 { }
    C:\Users\steve\cityscape\vendor\symfony\dependency-injection\Loader\FileLoader.php:285 { }
    C:\Users\steve\cityscape\vendor\symfony\dependency-injection\Loader\FileLoader.php:118 { }
    C:\Users\steve\cityscape\vendor\symfony\dependency-injection\Loader\YamlFileLoader.php:705 { }
    C:\Users\steve\cityscape\vendor\symfony\dependency-injection\Loader\YamlFileLoader.php:254 { }
    C:\Users\steve\cityscape\vendor\symfony\dependency-injection\Loader\YamlFileLoader.php:177 { }
    C:\Users\steve\cityscape\vendor\symfony\dependency-injection\Loader\YamlFileLoader.php:133 { }
    C:\Users\steve\cityscape\vendor\symfony\config\Loader\FileLoader.php:163 { }
    C:\Users\steve\cityscape\vendor\symfony\config\Loader\FileLoader.php:94 { }
    C:\Users\steve\cityscape\vendor\symfony\dependency-injection\Loader\FileLoader.php:70 { }
    C:\Users\steve\cityscape\vendor\symfony\dependency-injection\Loader\Configurator\ContainerConfigurator.php:64 { }
    C:\Users\steve\cityscape\vendor\symfony\framework-bundle\Kernel\MicroKernelTrait.php:57 { }
    C:\Users\steve\cityscape\vendor\symfony\framework-bundle\Kernel\MicroKernelTrait.php:187 { }
    C:\Users\steve\cityscape\vendor\symfony\dependency-injection\Loader\ClosureLoader.php:36 { }
    C:\Users\steve\cityscape\vendor\symfony\config\Loader\DelegatingLoader.php:37 { }
    C:\Users\steve\cityscape\vendor\symfony\framework-bundle\Kernel\MicroKernelTrait.php:143 { }
    C:\Users\steve\cityscape\vendor\symfony\http-kernel\Kernel.php:590 { }
    C:\Users\steve\cityscape\vendor\symfony\http-kernel\Kernel.php:487 { }
    C:\Users\steve\cityscape\vendor\symfony\http-kernel\Kernel.php:725 { }
    C:\Users\steve\cityscape\vendor\symfony\http-kernel\Kernel.php:123 { }
    C:\Users\steve\cityscape\vendor\symfony\framework-bundle\Console\Application.php:179 { }
    C:\Users\steve\cityscape\vendor\symfony\framework-bundle\Console\Application.php:71 { }
    C:\Users\steve\cityscape\vendor\symfony\console\Application.php:169 { }
    C:\Users\steve\cityscape\vendor\symfony\runtime\Runner\Symfony\ConsoleApplicationRunner.php:49 { }
    C:\Users\steve\cityscape\vendor\autoload_runtime.php:29 { }
    C:\Users\steve\cityscape\bin\console:11 { }
  }
}
PS C:\Users\steve\cityscape> composer require easycorp/easyadmin-bundle
./composer.json has been updated
Running composer update easycorp/easyadmin-bundle
Loading composer repositories with package information
Restricting packages listed in "symfony/symfony" to "7.0.*"
Updating dependencies
Lock file operations: 3 installs, 0 updates, 0 removals
  - Locking easycorp/easyadmin-bundle (v4.9.3)
  - Locking symfony/polyfill-uuid (v1.29.0)
  - Locking symfony/uid (v7.0.3)
Writing lock file
Installing dependencies from lock file (including require-dev)
Package operations: 3 installs, 0 updates, 0 removals
    Failed to download symfony/polyfill-uuid from dist: The zip extension and unzip/7z commands are both missing, skipping.
The php.ini used by your command-line PHP is: C:\laragon\bin\php\php-8.3.2-Win32-vs16-x64\php.ini
    Now trying to download from source
  - Syncing symfony/polyfill-uuid (v1.29.0) into cache
    Failed to download symfony/uid from dist: The zip extension and unzip/7z commands are both missing, skipping.
The php.ini used by your command-line PHP is: C:\laragon\bin\php\php-8.3.2-Win32-vs16-x64\php.ini
    Now trying to download from source
  - Syncing symfony/uid (v7.0.3) into cache
    Failed to download easycorp/easyadmin-bundle from dist: The zip extension and unzip/7z commands are both missing, skipping.
The php.ini used by your command-line PHP is: C:\laragon\bin\php\php-8.3.2-Win32-vs16-x64\php.ini
    Now trying to download from source
  - Syncing easycorp/easyadmin-bundle (v4.9.3) into cache
  - Installing symfony/polyfill-uuid (v1.29.0): Cloning 3abdd21b0c from cache
  - Installing symfony/uid (v7.0.3): Cloning 87cedaf3fa from cache
  - Installing easycorp/easyadmin-bundle (v4.9.3): Cloning 9f9129ee2e from cache
Generating autoload files
116 packages you are using are looking for funding.
Use the `composer fund` command to find out more!

Symfony operations: 2 recipes (d8cf104ba4f9186c00d8873dd59ad568)
  - Configuring symfony/uid (>=7.0): From github.com/symfony/recipes:main
  - Configuring easycorp/easyadmin-bundle (>=3.0): From github.com/symfony/recipes:main
Executing script cache:clear [KO]
 [KO]
Script cache:clear returned with error code 255
!!
!!  Fatal error: Class App\DataFixtures\PictureFixtures contains 1 abstract method and must therefore be declared abstract or implement the remaining methods (Doctrine\Common\DataFixtures\FixtureInterface::load) in C:\Users\steve\cityscape\src\DataFixtures\PictureFixtures.php on line 11
!!  Symfony\Component\ErrorHandler\Error\FatalError {#547
!!    #message: "Error: Class App\DataFixtures\PictureFixtures contains 1 abstract method and must therefore be declared abstract or implement the remaining methods (Doctrine\Common\DataFixtures\FixtureInterface::load)"
!!    #code: 0
!!    #file: "C:\Users\steve\cityscape\src\DataFixtures\PictureFixtures.php"
!!    #line: 11
!!    -error: array:4 [
!!      "type" => 1
!!      "message" => "Class App\DataFixtures\PictureFixtures contains 1 abstract method and must therefore be declared abstract or implement the remaining methods (Doctrine\Common\DataFixtures\FixtureInterface::load)"
!!      "file" => "C:\Users\steve\cityscape\src\DataFixtures\PictureFixtures.php"
!!      "line" => 11
!!    ]
!!  }
!!
Script @auto-scripts was called via post-update-cmd
PS C:\Users\steve\cityscape> composer require easycorp/easyadmin-bundle
./composer.json has been updated
Running composer update easycorp/easyadmin-bundle
Loading composer repositories with package information
Updating dependencies
Nothing to modify in lock file
Installing dependencies from lock file (including require-dev)
Nothing to install, update or remove
Generating autoload files
116 packages you are using are looking for funding.
Use the `composer fund` command to find out more!

Run composer recipes at any time to see the status of your Symfony recipes.

Executing script cache:clear [KO]
 [KO]
Script cache:clear returned with error code 255
!!
!!  Fatal error: Class App\DataFixtures\PictureFixtures contains 1 abstract method and must therefore be declared abstract or implement the remaining methods (Doctrine\Common\DataFixtures\FixtureInterface::load) in C:\Users\steve\cityscape\src\DataFixtures\PictureFixtures.php on line 10
!!  Symfony\Component\ErrorHandler\Error\FatalError {#547
!!    #message: "Error: Class App\DataFixtures\PictureFixtures contains 1 abstract method and must therefore be declared abstract or implement the remaining methods (Doctrine\Common\DataFixtures\FixtureInterface::load)"
!!    #code: 0
!!    #file: "C:\Users\steve\cityscape\src\DataFixtures\PictureFixtures.php"
!!    #line: 10
!!    -error: array:4 [
!!      "type" => 1
!!      "message" => "Class App\DataFixtures\PictureFixtures contains 1 abstract method and must therefore be declared abstract or implement the remaining methods (Doctrine\Common\DataFixtures\FixtureInterface::load)"
!!      "file" => "C:\Users\steve\cityscape\src\DataFixtures\PictureFixtures.php"
!!      "line" => 10
!!    ]
!!  }
!!
Script @auto-scripts was called via post-update-cmd
PS C:\Users\steve\cityscape> composer require easycorp/easyadmin-bundle
./composer.json has been updated
Running composer update easycorp/easyadmin-bundle
Loading composer repositories with package information
Updating dependencies
Nothing to modify in lock file
Installing dependencies from lock file (including require-dev)
Nothing to install, update or remove
Generating autoload files
116 packages you are using are looking for funding.
Use the `composer fund` command to find out more!

Run composer recipes at any time to see the status of your Symfony recipes.

Executing script cache:clear [OK]
Executing script assets:install public [OK]
Executing script importmap:install [OK]

No security vulnerability advisories found.
Using version ^4.9 for easycorp/easyadmin-bundle
PS C:\Users\steve\cityscape> php bin/console make:admin:dashboard

 Which class name do you prefer for your Dashboard controller? [DashboardController]:
 >

 In which directory of your project do you want to generate "DashboardController"? [src/Controller/Admin/]:
 >



 [OK] Your dashboard class has been successfully generated.


 Next steps:
 * Configure your Dashboard at "src/Controller/Admin/DashboardController.php"
 * Run "make:admin:crud" to generate CRUD controllers and link them from the Dashboard.

PS C:\Users\steve\cityscape> symfony console d:f:l -n
   > purging database
   > loading App\DataFixtures\PropertyFixtures

In ReferenceRepository.php line 226:

  Reference to "category_1" does not exist


doctrine:fixtures:load [--append] [--group GROUP] [--em EM] [--purger PURGER] [--purge-exclusions PURGE-EXCLUSIONS] [--purge-with-truncate]

PS C:\Users\steve\cityscape> symfony console d:f:l -n
   > purging database
   > loading App\DataFixtures\PropertyFixtures

In ReferenceRepository.php line 226:

  Reference to "category_2" does not exist


doctrine:fixtures:load [--append] [--group GROUP] [--em EM] [--purger PURGER] [--purge-exclusions PURGE-EXCLUSIONS] [--purge-with-truncate]

PS C:\Users\steve\cityscape> symfony console d:f:l -n
   > purging database
   > loading App\DataFixtures\PropertyFixtures

In ReferenceRepository.php line 226:

  Reference to "category_2" does not exist


doctrine:fixtures:load [--append] [--group GROUP] [--em EM] [--purger PURGER] [--purge-exclusions PURGE-EXCLUSIONS] [--purge-with-truncate]

PS C:\Users\steve\cityscape> symfony console d:f:l -n
   > purging database
   > loading App\DataFixtures\PropertyFixtures

In ReferenceRepository.php line 226:

  Reference to "category_1" does not exist


doctrine:fixtures:load [--append] [--group GROUP] [--em EM] [--purger PURGER] [--purge-exclusions PURGE-EXCLUSIONS] [--purge-with-truncate]

PS C:\Users\steve\cityscape> symfony console d:f:l -n
   > purging database
   > loading App\DataFixtures\PropertyFixtures

In PropertyFixtures.php line 35:

  Warning: Undefined variable $imageName


doctrine:fixtures:load [--append] [--group GROUP] [--em EM] [--purger PURGER] [--purge-exclusions PURGE-EXCLUSIONS] [--purge-with-truncate]

PS C:\Users\steve\cityscape> symfony console d:f:l -n
   > purging database
   > loading App\DataFixtures\PropertyFixtures

In PropertyFixtures.php line 35:

  Warning: Undefined variable $imageName


doctrine:fixtures:load [--append] [--group GROUP] [--em EM] [--purger PURGER] [--purge-exclusions PURGE-EXCLUSIONS] [--purge-with-truncate]

PS C:\Users\steve\cityscape> symfony console d:f:l -n
   > purging database
   > loading App\DataFixtures\PropertyFixtures

In PropertyFixtures.php line 36:

  Warning: file_put_contents(C:\C:\Users\steve\cityscape\public\assets\images\biens/688.jpg): Failed to open stream:
  No such file or directory


doctrine:fixtures:load [--append] [--group GROUP] [--em EM] [--purger PURGER] [--purge-exclusions PURGE-EXCLUSIONS] [--purge-with-truncate]

PS C:\Users\steve\cityscape> php bin/console make:admin:crud

 Which Doctrine entity are you going to manage with this CRUD controller?:
  [0 ] App\Entity\Address
  [1 ] App\Entity\Amenity
  [2 ] App\Entity\Category
  [3 ] App\Entity\Country
  [4 ] App\Entity\Feature
  [5 ] App\Entity\Picture
  [6 ] App\Entity\Project
  [7 ] App\Entity\Property
  [8 ] App\Entity\Rent
  [9 ] App\Entity\ResetPasswordRequest
  [10] App\Entity\User
  [11] Vich\UploaderBundle\Entity\File
 > 10

 Which directory do you want to generate the CRUD controller in? [src/Controller/Admin/]:
 >

 Namespace of the generated CRUD controller [App\Controller\Admin]:
 >


 [OK] Your CRUD controller class has been successfully generated.


 Next steps:
 * Configure your controller at "src/Controller/Admin/UserCrudController.php"
 * Read EasyAdmin docs: https://symfony.com/doc/master/bundles/EasyAdminBundle/index.html

PS C:\Users\steve\cityscape> symfony console d:f:l -n
   > purging database
   > loading App\DataFixtures\PropertyFixtures
   > loading App\DataFixtures\CountryFixtures

In CountryFixtures.php line 19:

  Attempted to call function "randomElement" from namespace "App\DataFixtures".


doctrine:fixtures:load [--append] [--group GROUP] [--em EM] [--purger PURGER] [--purge-exclusions PURGE-EXCLUSIONS] [--purge-with-truncate]

PS C:\Users\steve\cityscape> symfony console d:f:l -n
   > purging database
   > loading App\DataFixtures\PropertyFixtures
   > loading App\DataFixtures\CountryFixtures
   > loading App\DataFixtures\AppFixtures
   > loading App\DataFixtures\CategoryFixtures
   > loading App\DataFixtures\PictureFixtures
   > loading App\DataFixtures\ProjectFixtures

In ProjectFixtures.php line 19:

  Unsupported operand types: null | string


doctrine:fixtures:load [--append] [--group GROUP] [--em EM] [--purger PURGER] [--purge-exclusions PURGE-EXCLUSIONS] [--purge-with-truncate]

PS C:\Users\steve\cityscape> php bin/console assets:install --symlink

 Trying to install assets as absolute symbolic links.

 --------- ----------------- ----------------
            Bundle            Method / Error
 --------- ----------------- ----------------
  WARNING   EasyAdminBundle   copy
 --------- ----------------- ----------------

 ! [NOTE] Some assets were installed via copy. If you make changes to these assets you have to run this command again.


 [OK] All assets were successfully installed.


PS C:\Users\steve\cityscape> symfony console d:f:l -n
   > purging database
   > loading App\DataFixtures\PropertyFixtures
   > loading App\DataFixtures\CountryFixtures
   > loading App\DataFixtures\AppFixtures
   > loading App\DataFixtures\CategoryFixtures
   > loading App\DataFixtures\PictureFixtures
   > loading App\DataFixtures\ProjectFixtures
   > loading App\DataFixtures\UserFixtures

In UserFixtures.php line 19:

  Unsupported operand types: null | string


doctrine:fixtures:load [--append] [--group GROUP] [--em EM] [--purger PURGER] [--purge-exclusions PURGE-EXCLUSIONS] [--purge-with-truncate]

PS C:\Users\steve\cityscape> symfony console d:f:l -n
   > purging database
   > loading App\DataFixtures\PropertyFixtures
   > loading App\DataFixtures\CountryFixtures
   > loading App\DataFixtures\AppFixtures
   > loading App\DataFixtures\CategoryFixtures
   > loading App\DataFixtures\PictureFixtures
   > loading App\DataFixtures\ProjectFixtures
   > loading App\DataFixtures\UserFixtures
   > loading App\DataFixtures\AddressFixtures

In ExceptionConverter.php line 114:

  An exception occurred while executing a query: SQLSTATE[23000]: Integrity constraint violation: 1048 Column 'add_pr
  operty_id' cannot be null


In Exception.php line 28:

  SQLSTATE[23000]: Integrity constraint violation: 1048 Column 'add_property_id' cannot be null


In Statement.php line 130:

  SQLSTATE[23000]: Integrity constraint violation: 1048 Column 'add_property_id' cannot be null


doctrine:fixtures:load [--append] [--group GROUP] [--em EM] [--purger PURGER] [--purge-exclusions PURGE-EXCLUSIONS] [--purge-with-truncate]

